
2026-10-08T01:30:31.869132+00:00 | -m scripts.run_transformer_seeds --device cuda --resume
Bắt đầu bert, seed 42
D:\DoAn\Đồ án NLP\goemotions-multilabel-classification\.venv-models\Lib\site-packages\huggingface_hub\file_download.py:143: UserWarning: `huggingface_hub` cache-system uses symlinks by default to efficiently store duplicated files but your machine does not support them in C:\Users\dzyuu\.cache\huggingface\hub\models--google-bert--bert-base-cased. Caching files will still work but in a degraded version that might require more space on your disk. This warning can be disabled by setting the `HF_HUB_DISABLE_SYMLINKS_WARNING` environment variable. For more details, see https://huggingface.co/docs/huggingface_hub/how-to-cache#limitations.
To support symlinks on Windows, you either need to activate Developer Mode or to run Python as an administrator. In order to activate developer mode, see this article: https://docs.microsoft.com/en-us/windows/apps/get-started/enable-your-device-for-development
  warnings.warn(message)
Xet Storage is enabled for this repo, but the 'hf_xet' package is not installed. Falling back to regular HTTP download. For better performance, install the package with: `pip install huggingface_hub[hf_xet]` or `pip install hf_xet`
Some weights of BertForSequenceClassification were not initialized from the model checkpoint at google-bert/bert-base-cased and are newly initialized: ['classifier.bias', 'classifier.weight']
You should probably TRAIN this model on a down-stream task to be able to use it for predictions and inference.
D:\DoAn\Đồ án NLP\goemotions-multilabel-classification\.venv-models\Lib\site-packages\torch\autograd\graph.py:979: UserWarning: Memory Efficient attention defaults to a non-deterministic algorithm. To explicitly enable determinism call torch.use_deterministic_algorithms(True, warn_only=False). (Triggered internally at C:\actions-runner\_work\pytorch\pytorch\aten\src\ATen\native\transformers\cuda\attention_backward.cu:835.)
  return Variable._execution_engine.run_backward(  # Calls into the C++ engine to run the backward pass
bert seed=42 epoch=1 batch=100/5427 loss=0.67822
bert seed=42 epoch=1 batch=200/5427 loss=0.63810
bert seed=42 epoch=1 batch=300/5427 loss=0.55817
bert seed=42 epoch=1 batch=400/5427 loss=0.48708
bert seed=42 epoch=1 batch=500/5427 loss=0.43303
bert seed=42 epoch=1 batch=600/5427 loss=0.39209
bert seed=42 epoch=1 batch=700/5427 loss=0.36084
Traceback (most recent call last):
  File "<frozen runpy>", line 198, in _run_module_as_main
  File "<frozen runpy>", line 88, in _run_code
  File "D:\DoAn\Đồ án NLP\goemotions-multilabel-classification\scripts\run_transformer_seeds.py", line 38, in <module>
    main()
    ~~~~^^
  File "D:\DoAn\Đồ án NLP\goemotions-multilabel-classification\scripts\run_transformer_seeds.py", line 34, in main
    subprocess.run(command, check=True)
    ~~~~~~~~~~~~~~^^^^^^^^^^^^^^^^^^^^^
  File "C:\Users\dzyuu\anaconda3\Lib\subprocess.py", line 577, in run
    raise CalledProcessError(retcode, process.args,
                             output=stdout, stderr=stderr)
subprocess.CalledProcessError: Command '['D:\\DoAn\\Đồ án NLP\\goemotions-multilabel-classification\\.venv-models\\Scripts\\python.exe', '-m', 'scripts.train_transformer', '--architecture', 'bert', '--seed', '42', '--device', 'cuda', '--batch-size', '8', '--gradient-accumulation', '2', '--max-length', '128', '--resume']' returned non-zero exit status 4294967295.
First fixed-padding run intentionally stopped before epoch1 validation to improve batching. No completed benchmark result from this attempt. Effective batch16 and max_length128 retained in restarted dynamic-padding run.

2026-10-08T01:38:03.996009+00:00 | -m scripts.run_transformer_seeds --device cuda --resume --overwrite
Bắt đầu bert, seed 42
Some weights of BertForSequenceClassification were not initialized from the model checkpoint at google-bert/bert-base-cased and are newly initialized: ['classifier.bias', 'classifier.weight']
You should probably TRAIN this model on a down-stream task to be able to use it for predictions and inference.
D:\DoAn\Đồ án NLP\goemotions-multilabel-classification\.venv-models\Lib\site-packages\torch\autograd\graph.py:979: UserWarning: Memory Efficient attention defaults to a non-deterministic algorithm. To explicitly enable determinism call torch.use_deterministic_algorithms(True, warn_only=False). (Triggered internally at C:\actions-runner\_work\pytorch\pytorch\aten\src\ATen\native\transformers\cuda\attention_backward.cu:835.)
  return Variable._execution_engine.run_backward(  # Calls into the C++ engine to run the backward pass
bert seed=42 epoch=1 batch=100/2714 loss=0.63673
bert seed=42 epoch=1 batch=200/2714 loss=0.48572
bert seed=42 epoch=1 batch=300/2714 loss=0.39116
bert seed=42 epoch=1 batch=400/2714 loss=0.33537
bert seed=42 epoch=1 batch=500/2714 loss=0.29926
bert seed=42 epoch=1 batch=600/2714 loss=0.27433
bert seed=42 epoch=1 batch=700/2714 loss=0.25545
bert seed=42 epoch=1 batch=800/2714 loss=0.24051
bert seed=42 epoch=1 batch=900/2714 loss=0.22762
bert seed=42 epoch=1 batch=1000/2714 loss=0.21728
bert seed=42 epoch=1 batch=1100/2714 loss=0.20828
bert seed=42 epoch=1 batch=1200/2714 loss=0.20088
bert seed=42 epoch=1 batch=1300/2714 loss=0.19388
bert seed=42 epoch=1 batch=1400/2714 loss=0.18770
bert seed=42 epoch=1 batch=1500/2714 loss=0.18244
bert seed=42 epoch=1 batch=1600/2714 loss=0.17747
bert seed=42 epoch=1 batch=1700/2714 loss=0.17318
bert seed=42 epoch=1 batch=1800/2714 loss=0.16932
bert seed=42 epoch=1 batch=1900/2714 loss=0.16568
bert seed=42 epoch=1 batch=2000/2714 loss=0.16253
bert seed=42 epoch=1 batch=2100/2714 loss=0.15951
bert seed=42 epoch=1 batch=2200/2714 loss=0.15667
bert seed=42 epoch=1 batch=2300/2714 loss=0.15410
bert seed=42 epoch=1 batch=2400/2714 loss=0.15164
bert seed=42 epoch=1 batch=2500/2714 loss=0.14940
bert seed=42 epoch=1 batch=2600/2714 loss=0.14737
bert seed=42 epoch=1 batch=2700/2714 loss=0.14543
bert seed=42 epoch=1: Macro-F1=0.2893; Micro-F1=0.5346
bert seed=42 epoch=2 batch=100/2714 loss=0.08767
bert seed=42 epoch=2 batch=200/2714 loss=0.08577
bert seed=42 epoch=2 batch=300/2714 loss=0.08624
bert seed=42 epoch=2 batch=400/2714 loss=0.08559
bert seed=42 epoch=2 batch=500/2714 loss=0.08508
bert seed=42 epoch=2 batch=600/2714 loss=0.08528
bert seed=42 epoch=2 batch=700/2714 loss=0.08534
bert seed=42 epoch=2 batch=800/2714 loss=0.08515
bert seed=42 epoch=2 batch=900/2714 loss=0.08532
bert seed=42 epoch=2 batch=1000/2714 loss=0.08500
bert seed=42 epoch=2 batch=1100/2714 loss=0.08492
bert seed=42 epoch=2 batch=1200/2714 loss=0.08483
bert seed=42 epoch=2 batch=1300/2714 loss=0.08480
bert seed=42 epoch=2 batch=1400/2714 loss=0.08477
bert seed=42 epoch=2 batch=1500/2714 loss=0.08487
bert seed=42 epoch=2 batch=1600/2714 loss=0.08478
bert seed=42 epoch=2 batch=1700/2714 loss=0.08474
bert seed=42 epoch=2 batch=1800/2714 loss=0.08463
bert seed=42 epoch=2 batch=1900/2714 loss=0.08436
bert seed=42 epoch=2 batch=2000/2714 loss=0.08439
bert seed=42 epoch=2 batch=2100/2714 loss=0.08422
bert seed=42 epoch=2 batch=2200/2714 loss=0.08420
bert seed=42 epoch=2 batch=2300/2714 loss=0.08420
bert seed=42 epoch=2 batch=2400/2714 loss=0.08405
bert seed=42 epoch=2 batch=2500/2714 loss=0.08385
bert seed=42 epoch=2 batch=2600/2714 loss=0.08377
bert seed=42 epoch=2 batch=2700/2714 loss=0.08347
bert seed=42 epoch=2: Macro-F1=0.4162; Micro-F1=0.5631
bert seed=42 epoch=3 batch=100/2714 loss=0.06803
bert seed=42 epoch=3 batch=200/2714 loss=0.06613
bert seed=42 epoch=3 batch=300/2714 loss=0.06613
bert seed=42 epoch=3 batch=400/2714 loss=0.06617
bert seed=42 epoch=3 batch=500/2714 loss=0.06577
bert seed=42 epoch=3 batch=600/2714 loss=0.06565
bert seed=42 epoch=3 batch=700/2714 loss=0.06538
bert seed=42 epoch=3 batch=800/2714 loss=0.06501
bert seed=42 epoch=3 batch=900/2714 loss=0.06512
bert seed=42 epoch=3 batch=1000/2714 loss=0.06531
bert seed=42 epoch=3 batch=1100/2714 loss=0.06502
bert seed=42 epoch=3 batch=1200/2714 loss=0.06517
bert seed=42 epoch=3 batch=1300/2714 loss=0.06516
bert seed=42 epoch=3 batch=1400/2714 loss=0.06516
bert seed=42 epoch=3 batch=1500/2714 loss=0.06495
bert seed=42 epoch=3 batch=1600/2714 loss=0.06490
bert seed=42 epoch=3 batch=1700/2714 loss=0.06509
bert seed=42 epoch=3 batch=1800/2714 loss=0.06503
bert seed=42 epoch=3 batch=1900/2714 loss=0.06498
bert seed=42 epoch=3 batch=2000/2714 loss=0.06513
bert seed=42 epoch=3 batch=2100/2714 loss=0.06513
bert seed=42 epoch=3 batch=2200/2714 loss=0.06509
bert seed=42 epoch=3 batch=2300/2714 loss=0.06511
bert seed=42 epoch=3 batch=2400/2714 loss=0.06515
bert seed=42 epoch=3 batch=2500/2714 loss=0.06498
bert seed=42 epoch=3 batch=2600/2714 loss=0.06500
bert seed=42 epoch=3 batch=2700/2714 loss=0.06494
bert seed=42 epoch=3: Macro-F1=0.4402; Micro-F1=0.5767
bert seed=42 epoch=4 batch=100/2714 loss=0.05093
bert seed=42 epoch=4 batch=200/2714 loss=0.04798
bert seed=42 epoch=4 batch=300/2714 loss=0.04834
bert seed=42 epoch=4 batch=400/2714 loss=0.04876
bert seed=42 epoch=4 batch=500/2714 loss=0.04893
bert seed=42 epoch=4 batch=600/2714 loss=0.04858
bert seed=42 epoch=4 batch=700/2714 loss=0.04818
bert seed=42 epoch=4 batch=800/2714 loss=0.04843
bert seed=42 epoch=4 batch=900/2714 loss=0.04837
bert seed=42 epoch=4 batch=1000/2714 loss=0.04810
bert seed=42 epoch=4 batch=1100/2714 loss=0.04808
bert seed=42 epoch=4 batch=1200/2714 loss=0.04811
bert seed=42 epoch=4 batch=1300/2714 loss=0.04808
bert seed=42 epoch=4 batch=1400/2714 loss=0.04818
bert seed=42 epoch=4 batch=1500/2714 loss=0.04804
bert seed=42 epoch=4 batch=1600/2714 loss=0.04793
bert seed=42 epoch=4 batch=1700/2714 loss=0.04795
bert seed=42 epoch=4 batch=1800/2714 loss=0.04798
bert seed=42 epoch=4 batch=1900/2714 loss=0.04795
bert seed=42 epoch=4 batch=2000/2714 loss=0.04784
bert seed=42 epoch=4 batch=2100/2714 loss=0.04765
bert seed=42 epoch=4 batch=2200/2714 loss=0.04751
bert seed=42 epoch=4 batch=2300/2714 loss=0.04740
bert seed=42 epoch=4 batch=2400/2714 loss=0.04738
bert seed=42 epoch=4 batch=2500/2714 loss=0.04730
bert seed=42 epoch=4 batch=2600/2714 loss=0.04724
bert seed=42 epoch=4 batch=2700/2714 loss=0.04726
bert seed=42 epoch=4: Macro-F1=0.4641; Micro-F1=0.5760
Đã lưu C FULL: D:\DoAn\Đồ án NLP\goemotions-multilabel-classification\data\processed\transformers\bert\seed_42\full\standard; best epoch=4
Bắt đầu bert, seed 123
Some weights of BertForSequenceClassification were not initialized from the model checkpoint at google-bert/bert-base-cased and are newly initialized: ['classifier.bias', 'classifier.weight']
You should probably TRAIN this model on a down-stream task to be able to use it for predictions and inference.
D:\DoAn\Đồ án NLP\goemotions-multilabel-classification\.venv-models\Lib\site-packages\torch\autograd\graph.py:979: UserWarning: Memory Efficient attention defaults to a non-deterministic algorithm. To explicitly enable determinism call torch.use_deterministic_algorithms(True, warn_only=False). (Triggered internally at C:\actions-runner\_work\pytorch\pytorch\aten\src\ATen\native\transformers\cuda\attention_backward.cu:835.)
  return Variable._execution_engine.run_backward(  # Calls into the C++ engine to run the backward pass
bert seed=123 epoch=1 batch=100/2714 loss=0.61484
bert seed=123 epoch=1 batch=200/2714 loss=0.48370
bert seed=123 epoch=1 batch=300/2714 loss=0.38915
bert seed=123 epoch=1 batch=400/2714 loss=0.33410
bert seed=123 epoch=1 batch=500/2714 loss=0.29845
bert seed=123 epoch=1 batch=600/2714 loss=0.27321
bert seed=123 epoch=1 batch=700/2714 loss=0.25397
bert seed=123 epoch=1 batch=800/2714 loss=0.23897
bert seed=123 epoch=1 batch=900/2714 loss=0.22657
bert seed=123 epoch=1 batch=1000/2714 loss=0.21620
bert seed=123 epoch=1 batch=1100/2714 loss=0.20694
bert seed=123 epoch=1 batch=1200/2714 loss=0.19925
bert seed=123 epoch=1 batch=1300/2714 loss=0.19237
bert seed=123 epoch=1 batch=1400/2714 loss=0.18633
bert seed=123 epoch=1 batch=1500/2714 loss=0.18103
bert seed=123 epoch=1 batch=1600/2714 loss=0.17631
bert seed=123 epoch=1 batch=1700/2714 loss=0.17226
bert seed=123 epoch=1 batch=1800/2714 loss=0.16825
bert seed=123 epoch=1 batch=1900/2714 loss=0.16466
bert seed=123 epoch=1 batch=2000/2714 loss=0.16147
bert seed=123 epoch=1 batch=2100/2714 loss=0.15855
bert seed=123 epoch=1 batch=2200/2714 loss=0.15553
bert seed=123 epoch=1 batch=2300/2714 loss=0.15288
bert seed=123 epoch=1 batch=2400/2714 loss=0.15060
bert seed=123 epoch=1 batch=2500/2714 loss=0.14840
bert seed=123 epoch=1 batch=2600/2714 loss=0.14641
bert seed=123 epoch=1 batch=2700/2714 loss=0.14458
bert seed=123 epoch=1: Macro-F1=0.3118; Micro-F1=0.5236
bert seed=123 epoch=2 batch=100/2714 loss=0.08288
bert seed=123 epoch=2 batch=200/2714 loss=0.08552
bert seed=123 epoch=2 batch=300/2714 loss=0.08668
bert seed=123 epoch=2 batch=400/2714 loss=0.08612
bert seed=123 epoch=2 batch=500/2714 loss=0.08597
bert seed=123 epoch=2 batch=600/2714 loss=0.08484
bert seed=123 epoch=2 batch=700/2714 loss=0.08539
bert seed=123 epoch=2 batch=800/2714 loss=0.08562
bert seed=123 epoch=2 batch=900/2714 loss=0.08558
bert seed=123 epoch=2 batch=1000/2714 loss=0.08557
bert seed=123 epoch=2 batch=1100/2714 loss=0.08556
bert seed=123 epoch=2 batch=1200/2714 loss=0.08555
bert seed=123 epoch=2 batch=1300/2714 loss=0.08551
bert seed=123 epoch=2 batch=1400/2714 loss=0.08525
bert seed=123 epoch=2 batch=1500/2714 loss=0.08500
bert seed=123 epoch=2 batch=1600/2714 loss=0.08502
bert seed=123 epoch=2 batch=1700/2714 loss=0.08480
bert seed=123 epoch=2 batch=1800/2714 loss=0.08479
bert seed=123 epoch=2 batch=1900/2714 loss=0.08464
bert seed=123 epoch=2 batch=2000/2714 loss=0.08458
bert seed=123 epoch=2 batch=2100/2714 loss=0.08459
bert seed=123 epoch=2 batch=2200/2714 loss=0.08433
bert seed=123 epoch=2 batch=2300/2714 loss=0.08417
bert seed=123 epoch=2 batch=2400/2714 loss=0.08414
bert seed=123 epoch=2 batch=2500/2714 loss=0.08414
bert seed=123 epoch=2 batch=2600/2714 loss=0.08410
bert seed=123 epoch=2 batch=2700/2714 loss=0.08403
bert seed=123 epoch=2: Macro-F1=0.3958; Micro-F1=0.5653
bert seed=123 epoch=3 batch=100/2714 loss=0.06887
bert seed=123 epoch=3 batch=200/2714 loss=0.06752
bert seed=123 epoch=3 batch=300/2714 loss=0.06705
bert seed=123 epoch=3 batch=400/2714 loss=0.06805
bert seed=123 epoch=3 batch=500/2714 loss=0.06799
bert seed=123 epoch=3 batch=600/2714 loss=0.06762
bert seed=123 epoch=3 batch=700/2714 loss=0.06753
bert seed=123 epoch=3 batch=800/2714 loss=0.06738
bert seed=123 epoch=3 batch=900/2714 loss=0.06712
bert seed=123 epoch=3 batch=1000/2714 loss=0.06700
bert seed=123 epoch=3 batch=1100/2714 loss=0.06685
bert seed=123 epoch=3 batch=1200/2714 loss=0.06670
bert seed=123 epoch=3 batch=1300/2714 loss=0.06681
bert seed=123 epoch=3 batch=1400/2714 loss=0.06687
bert seed=123 epoch=3 batch=1500/2714 loss=0.06707
bert seed=123 epoch=3 batch=1600/2714 loss=0.06688
bert seed=123 epoch=3 batch=1700/2714 loss=0.06690
bert seed=123 epoch=3 batch=1800/2714 loss=0.06684
bert seed=123 epoch=3 batch=1900/2714 loss=0.06655
bert seed=123 epoch=3 batch=2000/2714 loss=0.06654
bert seed=123 epoch=3 batch=2100/2714 loss=0.06658
bert seed=123 epoch=3 batch=2200/2714 loss=0.06643
bert seed=123 epoch=3 batch=2300/2714 loss=0.06634
bert seed=123 epoch=3 batch=2400/2714 loss=0.06644
bert seed=123 epoch=3 batch=2500/2714 loss=0.06636
bert seed=123 epoch=3 batch=2600/2714 loss=0.06635
bert seed=123 epoch=3 batch=2700/2714 loss=0.06637
bert seed=123 epoch=3: Macro-F1=0.4749; Micro-F1=0.5863
bert seed=123 epoch=4 batch=100/2714 loss=0.05113
bert seed=123 epoch=4 batch=200/2714 loss=0.05104
bert seed=123 epoch=4 batch=300/2714 loss=0.05092
bert seed=123 epoch=4 batch=400/2714 loss=0.05077
bert seed=123 epoch=4 batch=500/2714 loss=0.05111
bert seed=123 epoch=4 batch=600/2714 loss=0.05058
bert seed=123 epoch=4 batch=700/2714 loss=0.05069
bert seed=123 epoch=4 batch=800/2714 loss=0.05068
bert seed=123 epoch=4 batch=900/2714 loss=0.05071
bert seed=123 epoch=4 batch=1000/2714 loss=0.05081
bert seed=123 epoch=4 batch=1100/2714 loss=0.05063
bert seed=123 epoch=4 batch=1200/2714 loss=0.05023
bert seed=123 epoch=4 batch=1300/2714 loss=0.05019
bert seed=123 epoch=4 batch=1400/2714 loss=0.05012
bert seed=123 epoch=4 batch=1500/2714 loss=0.05017
bert seed=123 epoch=4 batch=1600/2714 loss=0.05018
bert seed=123 epoch=4 batch=1700/2714 loss=0.05012
bert seed=123 epoch=4 batch=1800/2714 loss=0.05007
bert seed=123 epoch=4 batch=1900/2714 loss=0.05004
bert seed=123 epoch=4 batch=2000/2714 loss=0.04997
bert seed=123 epoch=4 batch=2100/2714 loss=0.04984
bert seed=123 epoch=4 batch=2200/2714 loss=0.04980
bert seed=123 epoch=4 batch=2300/2714 loss=0.04979
bert seed=123 epoch=4 batch=2400/2714 loss=0.04978
bert seed=123 epoch=4 batch=2500/2714 loss=0.04964
bert seed=123 epoch=4 batch=2600/2714 loss=0.04958
bert seed=123 epoch=4 batch=2700/2714 loss=0.04959
bert seed=123 epoch=4: Macro-F1=0.4773; Micro-F1=0.5839
Đã lưu C FULL: D:\DoAn\Đồ án NLP\goemotions-multilabel-classification\data\processed\transformers\bert\seed_123\full\standard; best epoch=4
Bắt đầu bert, seed 2026
Some weights of BertForSequenceClassification were not initialized from the model checkpoint at google-bert/bert-base-cased and are newly initialized: ['classifier.bias', 'classifier.weight']
You should probably TRAIN this model on a down-stream task to be able to use it for predictions and inference.
D:\DoAn\Đồ án NLP\goemotions-multilabel-classification\.venv-models\Lib\site-packages\torch\autograd\graph.py:979: UserWarning: Memory Efficient attention defaults to a non-deterministic algorithm. To explicitly enable determinism call torch.use_deterministic_algorithms(True, warn_only=False). (Triggered internally at C:\actions-runner\_work\pytorch\pytorch\aten\src\ATen\native\transformers\cuda\attention_backward.cu:835.)
  return Variable._execution_engine.run_backward(  # Calls into the C++ engine to run the backward pass
bert seed=2026 epoch=1 batch=100/2714 loss=0.61707
bert seed=2026 epoch=1 batch=200/2714 loss=0.47330
bert seed=2026 epoch=1 batch=300/2714 loss=0.38338
bert seed=2026 epoch=1 batch=400/2714 loss=0.32916
bert seed=2026 epoch=1 batch=500/2714 loss=0.29474
bert seed=2026 epoch=1 batch=600/2714 loss=0.27040
bert seed=2026 epoch=1 batch=700/2714 loss=0.25187
bert seed=2026 epoch=1 batch=800/2714 loss=0.23678
bert seed=2026 epoch=1 batch=900/2714 loss=0.22478
bert seed=2026 epoch=1 batch=1000/2714 loss=0.21483
bert seed=2026 epoch=1 batch=1100/2714 loss=0.20588
bert seed=2026 epoch=1 batch=1200/2714 loss=0.19865
bert seed=2026 epoch=1 batch=1300/2714 loss=0.19207
bert seed=2026 epoch=1 batch=1400/2714 loss=0.18599
bert seed=2026 epoch=1 batch=1500/2714 loss=0.18070
bert seed=2026 epoch=1 batch=1600/2714 loss=0.17615
bert seed=2026 epoch=1 batch=1700/2714 loss=0.17188
bert seed=2026 epoch=1 batch=1800/2714 loss=0.16812
bert seed=2026 epoch=1 batch=1900/2714 loss=0.16453
bert seed=2026 epoch=1 batch=2000/2714 loss=0.16124
bert seed=2026 epoch=1 batch=2100/2714 loss=0.15833
bert seed=2026 epoch=1 batch=2200/2714 loss=0.15561
bert seed=2026 epoch=1 batch=2300/2714 loss=0.15306
bert seed=2026 epoch=1 batch=2400/2714 loss=0.15086
bert seed=2026 epoch=1 batch=2500/2714 loss=0.14865
bert seed=2026 epoch=1 batch=2600/2714 loss=0.14657
bert seed=2026 epoch=1 batch=2700/2714 loss=0.14452
bert seed=2026 epoch=1: Macro-F1=0.2979; Micro-F1=0.5316
bert seed=2026 epoch=2 batch=100/2714 loss=0.08894
bert seed=2026 epoch=2 batch=200/2714 loss=0.08869
bert seed=2026 epoch=2 batch=300/2714 loss=0.08807
bert seed=2026 epoch=2 batch=400/2714 loss=0.08795
bert seed=2026 epoch=2 batch=500/2714 loss=0.08774
bert seed=2026 epoch=2 batch=600/2714 loss=0.08774
bert seed=2026 epoch=2 batch=700/2714 loss=0.08691
bert seed=2026 epoch=2 batch=800/2714 loss=0.08640
bert seed=2026 epoch=2 batch=900/2714 loss=0.08624
bert seed=2026 epoch=2 batch=1000/2714 loss=0.08604
bert seed=2026 epoch=2 batch=1100/2714 loss=0.08563
bert seed=2026 epoch=2 batch=1200/2714 loss=0.08548
bert seed=2026 epoch=2 batch=1300/2714 loss=0.08532
bert seed=2026 epoch=2 batch=1400/2714 loss=0.08505
bert seed=2026 epoch=2 batch=1500/2714 loss=0.08498
bert seed=2026 epoch=2 batch=1600/2714 loss=0.08493
bert seed=2026 epoch=2 batch=1700/2714 loss=0.08485
bert seed=2026 epoch=2 batch=1800/2714 loss=0.08462
bert seed=2026 epoch=2 batch=1900/2714 loss=0.08460
bert seed=2026 epoch=2 batch=2000/2714 loss=0.08458
bert seed=2026 epoch=2 batch=2100/2714 loss=0.08450
bert seed=2026 epoch=2 batch=2200/2714 loss=0.08445
bert seed=2026 epoch=2 batch=2300/2714 loss=0.08427
bert seed=2026 epoch=2 batch=2400/2714 loss=0.08426
bert seed=2026 epoch=2 batch=2500/2714 loss=0.08430
bert seed=2026 epoch=2 batch=2600/2714 loss=0.08424
bert seed=2026 epoch=2 batch=2700/2714 loss=0.08412
bert seed=2026 epoch=2: Macro-F1=0.4147; Micro-F1=0.5742
bert seed=2026 epoch=3 batch=100/2714 loss=0.06538
bert seed=2026 epoch=3 batch=200/2714 loss=0.06658
bert seed=2026 epoch=3 batch=300/2714 loss=0.06592
bert seed=2026 epoch=3 batch=400/2714 loss=0.06595
bert seed=2026 epoch=3 batch=500/2714 loss=0.06595
bert seed=2026 epoch=3 batch=600/2714 loss=0.06628
bert seed=2026 epoch=3 batch=700/2714 loss=0.06670
bert seed=2026 epoch=3 batch=800/2714 loss=0.06627
bert seed=2026 epoch=3 batch=900/2714 loss=0.06633
bert seed=2026 epoch=3 batch=1000/2714 loss=0.06636
bert seed=2026 epoch=3 batch=1100/2714 loss=0.06640
bert seed=2026 epoch=3 batch=1200/2714 loss=0.06647
bert seed=2026 epoch=3 batch=1300/2714 loss=0.06633
bert seed=2026 epoch=3 batch=1400/2714 loss=0.06636
bert seed=2026 epoch=3 batch=1500/2714 loss=0.06625
bert seed=2026 epoch=3 batch=1600/2714 loss=0.06650
bert seed=2026 epoch=3 batch=1700/2714 loss=0.06652
bert seed=2026 epoch=3 batch=1800/2714 loss=0.06644
bert seed=2026 epoch=3 batch=1900/2714 loss=0.06634
bert seed=2026 epoch=3 batch=2000/2714 loss=0.06626
bert seed=2026 epoch=3 batch=2100/2714 loss=0.06620
bert seed=2026 epoch=3 batch=2200/2714 loss=0.06625
bert seed=2026 epoch=3 batch=2300/2714 loss=0.06607
bert seed=2026 epoch=3 batch=2400/2714 loss=0.06598
bert seed=2026 epoch=3 batch=2500/2714 loss=0.06592
bert seed=2026 epoch=3 batch=2600/2714 loss=0.06583
bert seed=2026 epoch=3 batch=2700/2714 loss=0.06583
bert seed=2026 epoch=3: Macro-F1=0.4462; Micro-F1=0.5760
bert seed=2026 epoch=4 batch=100/2714 loss=0.05079
bert seed=2026 epoch=4 batch=200/2714 loss=0.05065
bert seed=2026 epoch=4 batch=300/2714 loss=0.05023
bert seed=2026 epoch=4 batch=400/2714 loss=0.04956
bert seed=2026 epoch=4 batch=500/2714 loss=0.04968
bert seed=2026 epoch=4 batch=600/2714 loss=0.04923
bert seed=2026 epoch=4 batch=700/2714 loss=0.04940
bert seed=2026 epoch=4 batch=800/2714 loss=0.04932
bert seed=2026 epoch=4 batch=900/2714 loss=0.04928
bert seed=2026 epoch=4 batch=1000/2714 loss=0.04906
bert seed=2026 epoch=4 batch=1100/2714 loss=0.04903
bert seed=2026 epoch=4 batch=1200/2714 loss=0.04898
bert seed=2026 epoch=4 batch=1300/2714 loss=0.04908
bert seed=2026 epoch=4 batch=1400/2714 loss=0.04913
bert seed=2026 epoch=4 batch=1500/2714 loss=0.04886
bert seed=2026 epoch=4 batch=1600/2714 loss=0.04878
bert seed=2026 epoch=4 batch=1700/2714 loss=0.04876
bert seed=2026 epoch=4 batch=1800/2714 loss=0.04878
bert seed=2026 epoch=4 batch=1900/2714 loss=0.04880
bert seed=2026 epoch=4 batch=2000/2714 loss=0.04872
bert seed=2026 epoch=4 batch=2100/2714 loss=0.04862
bert seed=2026 epoch=4 batch=2200/2714 loss=0.04876
bert seed=2026 epoch=4 batch=2300/2714 loss=0.04873
bert seed=2026 epoch=4 batch=2400/2714 loss=0.04874
bert seed=2026 epoch=4 batch=2500/2714 loss=0.04863
bert seed=2026 epoch=4 batch=2600/2714 loss=0.04853
bert seed=2026 epoch=4 batch=2700/2714 loss=0.04847
bert seed=2026 epoch=4: Macro-F1=0.4723; Micro-F1=0.5822
Đã lưu C FULL: D:\DoAn\Đồ án NLP\goemotions-multilabel-classification\data\processed\transformers\bert\seed_2026\full\standard; best epoch=4
Bắt đầu roberta, seed 42
D:\DoAn\Đồ án NLP\goemotions-multilabel-classification\.venv-models\Lib\site-packages\huggingface_hub\file_download.py:143: UserWarning: `huggingface_hub` cache-system uses symlinks by default to efficiently store duplicated files but your machine does not support them in C:\Users\dzyuu\.cache\huggingface\hub\models--FacebookAI--roberta-base. Caching files will still work but in a degraded version that might require more space on your disk. This warning can be disabled by setting the `HF_HUB_DISABLE_SYMLINKS_WARNING` environment variable. For more details, see https://huggingface.co/docs/huggingface_hub/how-to-cache#limitations.
To support symlinks on Windows, you either need to activate Developer Mode or to run Python as an administrator. In order to activate developer mode, see this article: https://docs.microsoft.com/en-us/windows/apps/get-started/enable-your-device-for-development
  warnings.warn(message)
Xet Storage is enabled for this repo, but the 'hf_xet' package is not installed. Falling back to regular HTTP download. For better performance, install the package with: `pip install huggingface_hub[hf_xet]` or `pip install hf_xet`
Some weights of RobertaForSequenceClassification were not initialized from the model checkpoint at FacebookAI/roberta-base and are newly initialized: ['classifier.dense.bias', 'classifier.dense.weight', 'classifier.out_proj.bias', 'classifier.out_proj.weight']
You should probably TRAIN this model on a down-stream task to be able to use it for predictions and inference.
D:\DoAn\Đồ án NLP\goemotions-multilabel-classification\.venv-models\Lib\site-packages\torch\autograd\graph.py:979: UserWarning: Memory Efficient attention defaults to a non-deterministic algorithm. To explicitly enable determinism call torch.use_deterministic_algorithms(True, warn_only=False). (Triggered internally at C:\actions-runner\_work\pytorch\pytorch\aten\src\ATen\native\transformers\cuda\attention_backward.cu:835.)
  return Variable._execution_engine.run_backward(  # Calls into the C++ engine to run the backward pass
roberta seed=42 epoch=1 batch=100/2714 loss=0.67888
roberta seed=42 epoch=1 batch=200/2714 loss=0.53802
roberta seed=42 epoch=1 batch=300/2714 loss=0.44137
roberta seed=42 epoch=1 batch=400/2714 loss=0.37950
roberta seed=42 epoch=1 batch=500/2714 loss=0.33688
roberta seed=42 epoch=1 batch=600/2714 loss=0.30662
roberta seed=42 epoch=1 batch=700/2714 loss=0.28363
roberta seed=42 epoch=1 batch=800/2714 loss=0.26567
roberta seed=42 epoch=1 batch=900/2714 loss=0.25058
roberta seed=42 epoch=1 batch=1000/2714 loss=0.23830
roberta seed=42 epoch=1 batch=1100/2714 loss=0.22771
roberta seed=42 epoch=1 batch=1200/2714 loss=0.21899
roberta seed=42 epoch=1 batch=1300/2714 loss=0.21088
roberta seed=42 epoch=1 batch=1400/2714 loss=0.20379
roberta seed=42 epoch=1 batch=1500/2714 loss=0.19768
roberta seed=42 epoch=1 batch=1600/2714 loss=0.19198
roberta seed=42 epoch=1 batch=1700/2714 loss=0.18705
roberta seed=42 epoch=1 batch=1800/2714 loss=0.18259
roberta seed=42 epoch=1 batch=1900/2714 loss=0.17838
roberta seed=42 epoch=1 batch=2000/2714 loss=0.17474
roberta seed=42 epoch=1 batch=2100/2714 loss=0.17126
roberta seed=42 epoch=1 batch=2200/2714 loss=0.16795
roberta seed=42 epoch=1 batch=2300/2714 loss=0.16496
roberta seed=42 epoch=1 batch=2400/2714 loss=0.16213
roberta seed=42 epoch=1 batch=2500/2714 loss=0.15952
roberta seed=42 epoch=1 batch=2600/2714 loss=0.15713
roberta seed=42 epoch=1 batch=2700/2714 loss=0.15489
roberta seed=42 epoch=1: Macro-F1=0.2329; Micro-F1=0.4931
roberta seed=42 epoch=2 batch=100/2714 loss=0.09242
roberta seed=42 epoch=2 batch=200/2714 loss=0.09094
roberta seed=42 epoch=2 batch=300/2714 loss=0.09055
roberta seed=42 epoch=2 batch=400/2714 loss=0.09011
roberta seed=42 epoch=2 batch=500/2714 loss=0.08964
roberta seed=42 epoch=2 batch=600/2714 loss=0.08954
roberta seed=42 epoch=2 batch=700/2714 loss=0.08945
roberta seed=42 epoch=2 batch=800/2714 loss=0.08919
roberta seed=42 epoch=2 batch=900/2714 loss=0.08929
roberta seed=42 epoch=2 batch=1000/2714 loss=0.08890
roberta seed=42 epoch=2 batch=1100/2714 loss=0.08881
roberta seed=42 epoch=2 batch=1200/2714 loss=0.08879
roberta seed=42 epoch=2 batch=1300/2714 loss=0.08873
roberta seed=42 epoch=2 batch=1400/2714 loss=0.08860
roberta seed=42 epoch=2 batch=1500/2714 loss=0.08869
roberta seed=42 epoch=2 batch=1600/2714 loss=0.08849
roberta seed=42 epoch=2 batch=1700/2714 loss=0.08839
roberta seed=42 epoch=2 batch=1800/2714 loss=0.08824
roberta seed=42 epoch=2 batch=1900/2714 loss=0.08792
roberta seed=42 epoch=2 batch=2000/2714 loss=0.08794
roberta seed=42 epoch=2 batch=2100/2714 loss=0.08780
roberta seed=42 epoch=2 batch=2200/2714 loss=0.08780
roberta seed=42 epoch=2 batch=2300/2714 loss=0.08777
roberta seed=42 epoch=2 batch=2400/2714 loss=0.08763
roberta seed=42 epoch=2 batch=2500/2714 loss=0.08740
roberta seed=42 epoch=2 batch=2600/2714 loss=0.08727
roberta seed=42 epoch=2 batch=2700/2714 loss=0.08698
roberta seed=42 epoch=2: Macro-F1=0.3800; Micro-F1=0.5653
roberta seed=42 epoch=3 batch=100/2714 loss=0.07999
roberta seed=42 epoch=3 batch=200/2714 loss=0.07898
roberta seed=42 epoch=3 batch=300/2714 loss=0.07881
roberta seed=42 epoch=3 batch=400/2714 loss=0.07908
roberta seed=42 epoch=3 batch=500/2714 loss=0.07833
roberta seed=42 epoch=3 batch=600/2714 loss=0.07834
roberta seed=42 epoch=3 batch=700/2714 loss=0.07802
roberta seed=42 epoch=3 batch=800/2714 loss=0.07763
roberta seed=42 epoch=3 batch=900/2714 loss=0.07755
roberta seed=42 epoch=3 batch=1000/2714 loss=0.07763
roberta seed=42 epoch=3 batch=1100/2714 loss=0.07737
roberta seed=42 epoch=3 batch=1200/2714 loss=0.07736
roberta seed=42 epoch=3 batch=1300/2714 loss=0.07731
roberta seed=42 epoch=3 batch=1400/2714 loss=0.07724
roberta seed=42 epoch=3 batch=1500/2714 loss=0.07708
roberta seed=42 epoch=3 batch=1600/2714 loss=0.07707
roberta seed=42 epoch=3 batch=1700/2714 loss=0.07721
roberta seed=42 epoch=3 batch=1800/2714 loss=0.07716
roberta seed=42 epoch=3 batch=1900/2714 loss=0.07705
roberta seed=42 epoch=3 batch=2000/2714 loss=0.07711
roberta seed=42 epoch=3 batch=2100/2714 loss=0.07713
roberta seed=42 epoch=3 batch=2200/2714 loss=0.07709
roberta seed=42 epoch=3 batch=2300/2714 loss=0.07714
roberta seed=42 epoch=3 batch=2400/2714 loss=0.07717
roberta seed=42 epoch=3 batch=2500/2714 loss=0.07699
roberta seed=42 epoch=3 batch=2600/2714 loss=0.07699
roberta seed=42 epoch=3 batch=2700/2714 loss=0.07698
roberta seed=42 epoch=3: Macro-F1=0.4286; Micro-F1=0.5780
Đã lưu C FULL: D:\DoAn\Đồ án NLP\goemotions-multilabel-classification\data\processed\transformers\roberta\seed_42\full\standard; best epoch=3
Bắt đầu roberta, seed 123
Some weights of RobertaForSequenceClassification were not initialized from the model checkpoint at FacebookAI/roberta-base and are newly initialized: ['classifier.dense.bias', 'classifier.dense.weight', 'classifier.out_proj.bias', 'classifier.out_proj.weight']
You should probably TRAIN this model on a down-stream task to be able to use it for predictions and inference.
D:\DoAn\Đồ án NLP\goemotions-multilabel-classification\.venv-models\Lib\site-packages\torch\autograd\graph.py:979: UserWarning: Memory Efficient attention defaults to a non-deterministic algorithm. To explicitly enable determinism call torch.use_deterministic_algorithms(True, warn_only=False). (Triggered internally at C:\actions-runner\_work\pytorch\pytorch\aten\src\ATen\native\transformers\cuda\attention_backward.cu:835.)
  return Variable._execution_engine.run_backward(  # Calls into the C++ engine to run the backward pass
roberta seed=123 epoch=1 batch=100/2714 loss=0.68517
roberta seed=123 epoch=1 batch=200/2714 loss=0.54556
roberta seed=123 epoch=1 batch=300/2714 loss=0.44158
roberta seed=123 epoch=1 batch=400/2714 loss=0.37787
roberta seed=123 epoch=1 batch=500/2714 loss=0.33521
roberta seed=123 epoch=1 batch=600/2714 loss=0.30543
roberta seed=123 epoch=1 batch=700/2714 loss=0.28295
roberta seed=123 epoch=1 batch=800/2714 loss=0.26535
roberta seed=123 epoch=1 batch=900/2714 loss=0.25086
roberta seed=123 epoch=1 batch=1000/2714 loss=0.23863
roberta seed=123 epoch=1 batch=1100/2714 loss=0.22780
roberta seed=123 epoch=1 batch=1200/2714 loss=0.21879
roberta seed=123 epoch=1 batch=1300/2714 loss=0.21074
roberta seed=123 epoch=1 batch=1400/2714 loss=0.20366
roberta seed=123 epoch=1 batch=1500/2714 loss=0.19746
roberta seed=123 epoch=1 batch=1600/2714 loss=0.19192
roberta seed=123 epoch=1 batch=1700/2714 loss=0.18709
roberta seed=123 epoch=1 batch=1800/2714 loss=0.18243
roberta seed=123 epoch=1 batch=1900/2714 loss=0.17830
roberta seed=123 epoch=1 batch=2000/2714 loss=0.17467
roberta seed=123 epoch=1 batch=2100/2714 loss=0.17125
roberta seed=123 epoch=1 batch=2200/2714 loss=0.16780
roberta seed=123 epoch=1 batch=2300/2714 loss=0.16481
roberta seed=123 epoch=1 batch=2400/2714 loss=0.16217
roberta seed=123 epoch=1 batch=2500/2714 loss=0.15965
roberta seed=123 epoch=1 batch=2600/2714 loss=0.15731
roberta seed=123 epoch=1 batch=2700/2714 loss=0.15513
roberta seed=123 epoch=1: Macro-F1=0.2132; Micro-F1=0.4802
roberta seed=123 epoch=2 batch=100/2714 loss=0.08847
roberta seed=123 epoch=2 batch=200/2714 loss=0.09090
roberta seed=123 epoch=2 batch=300/2714 loss=0.09218
roberta seed=123 epoch=2 batch=400/2714 loss=0.09198
roberta seed=123 epoch=2 batch=500/2714 loss=0.09165
roberta seed=123 epoch=2 batch=600/2714 loss=0.09058
roberta seed=123 epoch=2 batch=700/2714 loss=0.09076
roberta seed=123 epoch=2 batch=800/2714 loss=0.09071
roberta seed=123 epoch=2 batch=900/2714 loss=0.09067
roberta seed=123 epoch=2 batch=1000/2714 loss=0.09043
roberta seed=123 epoch=2 batch=1100/2714 loss=0.09018
roberta seed=123 epoch=2 batch=1200/2714 loss=0.09018
roberta seed=123 epoch=2 batch=1300/2714 loss=0.09007
roberta seed=123 epoch=2 batch=1400/2714 loss=0.08968
roberta seed=123 epoch=2 batch=1500/2714 loss=0.08947
roberta seed=123 epoch=2 batch=1600/2714 loss=0.08947
roberta seed=123 epoch=2 batch=1700/2714 loss=0.08925
roberta seed=123 epoch=2 batch=1800/2714 loss=0.08919
roberta seed=123 epoch=2 batch=1900/2714 loss=0.08901
roberta seed=123 epoch=2 batch=2000/2714 loss=0.08889
roberta seed=123 epoch=2 batch=2100/2714 loss=0.08884
roberta seed=123 epoch=2 batch=2200/2714 loss=0.08858
roberta seed=123 epoch=2 batch=2300/2714 loss=0.08836
roberta seed=123 epoch=2 batch=2400/2714 loss=0.08826
roberta seed=123 epoch=2 batch=2500/2714 loss=0.08822
roberta seed=123 epoch=2 batch=2600/2714 loss=0.08809
roberta seed=123 epoch=2 batch=2700/2714 loss=0.08797
roberta seed=123 epoch=2: Macro-F1=0.3675; Micro-F1=0.5616
roberta seed=123 epoch=3 batch=100/2714 loss=0.07981
roberta seed=123 epoch=3 batch=200/2714 loss=0.07893
roberta seed=123 epoch=3 batch=300/2714 loss=0.07880
roberta seed=123 epoch=3 batch=400/2714 loss=0.07924
roberta seed=123 epoch=3 batch=500/2714 loss=0.07907
roberta seed=123 epoch=3 batch=600/2714 loss=0.07874
roberta seed=123 epoch=3 batch=700/2714 loss=0.07872
roberta seed=123 epoch=3 batch=800/2714 loss=0.07852
roberta seed=123 epoch=3 batch=900/2714 loss=0.07830
roberta seed=123 epoch=3 batch=1000/2714 loss=0.07817
roberta seed=123 epoch=3 batch=1100/2714 loss=0.07812
roberta seed=123 epoch=3 batch=1200/2714 loss=0.07809
roberta seed=123 epoch=3 batch=1300/2714 loss=0.07817
roberta seed=123 epoch=3 batch=1400/2714 loss=0.07819
roberta seed=123 epoch=3 batch=1500/2714 loss=0.07835
roberta seed=123 epoch=3 batch=1600/2714 loss=0.07816
roberta seed=123 epoch=3 batch=1700/2714 loss=0.07818
roberta seed=123 epoch=3 batch=1800/2714 loss=0.07819
roberta seed=123 epoch=3 batch=1900/2714 loss=0.07794
roberta seed=123 epoch=3 batch=2000/2714 loss=0.07785
roberta seed=123 epoch=3 batch=2100/2714 loss=0.07789
roberta seed=123 epoch=3 batch=2200/2714 loss=0.07774
roberta seed=123 epoch=3 batch=2300/2714 loss=0.07765
roberta seed=123 epoch=3 batch=2400/2714 loss=0.07778
roberta seed=123 epoch=3 batch=2500/2714 loss=0.07768
roberta seed=123 epoch=3 batch=2600/2714 loss=0.07772
roberta seed=123 epoch=3 batch=2700/2714 loss=0.07779
roberta seed=123 epoch=3: Macro-F1=0.4111; Micro-F1=0.5730
Đã lưu C FULL: D:\DoAn\Đồ án NLP\goemotions-multilabel-classification\data\processed\transformers\roberta\seed_123\full\standard; best epoch=3
Bắt đầu roberta, seed 2026
Some weights of RobertaForSequenceClassification were not initialized from the model checkpoint at FacebookAI/roberta-base and are newly initialized: ['classifier.dense.bias', 'classifier.dense.weight', 'classifier.out_proj.bias', 'classifier.out_proj.weight']
You should probably TRAIN this model on a down-stream task to be able to use it for predictions and inference.
D:\DoAn\Đồ án NLP\goemotions-multilabel-classification\.venv-models\Lib\site-packages\torch\autograd\graph.py:979: UserWarning: Memory Efficient attention defaults to a non-deterministic algorithm. To explicitly enable determinism call torch.use_deterministic_algorithms(True, warn_only=False). (Triggered internally at C:\actions-runner\_work\pytorch\pytorch\aten\src\ATen\native\transformers\cuda\attention_backward.cu:835.)
  return Variable._execution_engine.run_backward(  # Calls into the C++ engine to run the backward pass
roberta seed=2026 epoch=1 batch=100/2714 loss=0.66340
roberta seed=2026 epoch=1 batch=200/2714 loss=0.52316
roberta seed=2026 epoch=1 batch=300/2714 loss=0.43022
roberta seed=2026 epoch=1 batch=400/2714 loss=0.37000
roberta seed=2026 epoch=1 batch=500/2714 loss=0.32958
roberta seed=2026 epoch=1 batch=600/2714 loss=0.30056
roberta seed=2026 epoch=1 batch=700/2714 loss=0.27854
roberta seed=2026 epoch=1 batch=800/2714 loss=0.26075
roberta seed=2026 epoch=1 batch=900/2714 loss=0.24660
roberta seed=2026 epoch=1 batch=1000/2714 loss=0.23491
roberta seed=2026 epoch=1 batch=1100/2714 loss=0.22451
roberta seed=2026 epoch=1 batch=1200/2714 loss=0.21594
roberta seed=2026 epoch=1 batch=1300/2714 loss=0.20828
roberta seed=2026 epoch=1 batch=1400/2714 loss=0.20136
roberta seed=2026 epoch=1 batch=1500/2714 loss=0.19524
roberta seed=2026 epoch=1 batch=1600/2714 loss=0.18986
roberta seed=2026 epoch=1 batch=1700/2714 loss=0.18490
roberta seed=2026 epoch=1 batch=1800/2714 loss=0.18043
roberta seed=2026 epoch=1 batch=1900/2714 loss=0.17635
roberta seed=2026 epoch=1 batch=2000/2714 loss=0.17262
roberta seed=2026 epoch=1 batch=2100/2714 loss=0.16927
roberta seed=2026 epoch=1 batch=2200/2714 loss=0.16608
roberta seed=2026 epoch=1 batch=2300/2714 loss=0.16316
roberta seed=2026 epoch=1 batch=2400/2714 loss=0.16058
roberta seed=2026 epoch=1 batch=2500/2714 loss=0.15804
roberta seed=2026 epoch=1 batch=2600/2714 loss=0.15565
roberta seed=2026 epoch=1 batch=2700/2714 loss=0.15331
roberta seed=2026 epoch=1: Macro-F1=0.2319; Micro-F1=0.5086
roberta seed=2026 epoch=2 batch=100/2714 loss=0.09221
roberta seed=2026 epoch=2 batch=200/2714 loss=0.09243
roberta seed=2026 epoch=2 batch=300/2714 loss=0.09185
roberta seed=2026 epoch=2 batch=400/2714 loss=0.09158
roberta seed=2026 epoch=2 batch=500/2714 loss=0.09110
roberta seed=2026 epoch=2 batch=600/2714 loss=0.09124
roberta seed=2026 epoch=2 batch=700/2714 loss=0.09036
roberta seed=2026 epoch=2 batch=800/2714 loss=0.08983
roberta seed=2026 epoch=2 batch=900/2714 loss=0.08961
roberta seed=2026 epoch=2 batch=1000/2714 loss=0.08941
roberta seed=2026 epoch=2 batch=1100/2714 loss=0.08894
roberta seed=2026 epoch=2 batch=1200/2714 loss=0.08870
roberta seed=2026 epoch=2 batch=1300/2714 loss=0.08850
roberta seed=2026 epoch=2 batch=1400/2714 loss=0.08824
roberta seed=2026 epoch=2 batch=1500/2714 loss=0.08811
roberta seed=2026 epoch=2 batch=1600/2714 loss=0.08796
roberta seed=2026 epoch=2 batch=1700/2714 loss=0.08786
roberta seed=2026 epoch=2 batch=1800/2714 loss=0.08754
roberta seed=2026 epoch=2 batch=1900/2714 loss=0.08754
roberta seed=2026 epoch=2 batch=2000/2714 loss=0.08741
roberta seed=2026 epoch=2 batch=2100/2714 loss=0.08735
roberta seed=2026 epoch=2 batch=2200/2714 loss=0.08728
roberta seed=2026 epoch=2 batch=2300/2714 loss=0.08711
roberta seed=2026 epoch=2 batch=2400/2714 loss=0.08708
roberta seed=2026 epoch=2 batch=2500/2714 loss=0.08706
roberta seed=2026 epoch=2 batch=2600/2714 loss=0.08698
roberta seed=2026 epoch=2 batch=2700/2714 loss=0.08687
roberta seed=2026 epoch=2: Macro-F1=0.3970; Micro-F1=0.5592
roberta seed=2026 epoch=3 batch=100/2714 loss=0.07628
roberta seed=2026 epoch=3 batch=200/2714 loss=0.07816
roberta seed=2026 epoch=3 batch=300/2714 loss=0.07676
roberta seed=2026 epoch=3 batch=400/2714 loss=0.07699
roberta seed=2026 epoch=3 batch=500/2714 loss=0.07700
roberta seed=2026 epoch=3 batch=600/2714 loss=0.07747
roberta seed=2026 epoch=3 batch=700/2714 loss=0.07772
roberta seed=2026 epoch=3 batch=800/2714 loss=0.07729
roberta seed=2026 epoch=3 batch=900/2714 loss=0.07743
roberta seed=2026 epoch=3 batch=1000/2714 loss=0.07741
roberta seed=2026 epoch=3 batch=1100/2714 loss=0.07724
roberta seed=2026 epoch=3 batch=1200/2714 loss=0.07736
roberta seed=2026 epoch=3 batch=1300/2714 loss=0.07724
roberta seed=2026 epoch=3 batch=1400/2714 loss=0.07713
roberta seed=2026 epoch=3 batch=1500/2714 loss=0.07702
roberta seed=2026 epoch=3 batch=1600/2714 loss=0.07718
roberta seed=2026 epoch=3 batch=1700/2714 loss=0.07709
roberta seed=2026 epoch=3 batch=1800/2714 loss=0.07708
roberta seed=2026 epoch=3 batch=1900/2714 loss=0.07697
roberta seed=2026 epoch=3 batch=2000/2714 loss=0.07682
roberta seed=2026 epoch=3 batch=2100/2714 loss=0.07669
roberta seed=2026 epoch=3 batch=2200/2714 loss=0.07683
roberta seed=2026 epoch=3 batch=2300/2714 loss=0.07667
roberta seed=2026 epoch=3 batch=2400/2714 loss=0.07656
roberta seed=2026 epoch=3 batch=2500/2714 loss=0.07648
roberta seed=2026 epoch=3 batch=2600/2714 loss=0.07643
roberta seed=2026 epoch=3 batch=2700/2714 loss=0.07644
roberta seed=2026 epoch=3: Macro-F1=0.4306; Micro-F1=0.5792
Đã lưu C FULL: D:\DoAn\Đồ án NLP\goemotions-multilabel-classification\data\processed\transformers\roberta\seed_2026\full\standard; best epoch=3
Bắt đầu distilbert, seed 42
Some weights of DistilBertForSequenceClassification were not initialized from the model checkpoint at distilbert/distilbert-base-uncased and are newly initialized: ['classifier.bias', 'classifier.weight', 'pre_classifier.bias', 'pre_classifier.weight']
You should probably TRAIN this model on a down-stream task to be able to use it for predictions and inference.
D:\DoAn\Đồ án NLP\goemotions-multilabel-classification\.venv-models\Lib\site-packages\torch\autograd\graph.py:979: UserWarning: Memory Efficient attention defaults to a non-deterministic algorithm. To explicitly enable determinism call torch.use_deterministic_algorithms(True, warn_only=False). (Triggered internally at C:\actions-runner\_work\pytorch\pytorch\aten\src\ATen\native\transformers\cuda\attention_backward.cu:835.)
  return Variable._execution_engine.run_backward(  # Calls into the C++ engine to run the backward pass
distilbert seed=42 epoch=1 batch=100/2714 loss=0.67392
distilbert seed=42 epoch=1 batch=200/2714 loss=0.58456
distilbert seed=42 epoch=1 batch=300/2714 loss=0.49777
distilbert seed=42 epoch=1 batch=400/2714 loss=0.42952
distilbert seed=42 epoch=1 batch=500/2714 loss=0.37811
distilbert seed=42 epoch=1 batch=600/2714 loss=0.34145
distilbert seed=42 epoch=1 batch=700/2714 loss=0.31452
distilbert seed=42 epoch=1 batch=800/2714 loss=0.29355
distilbert seed=42 epoch=1 batch=900/2714 loss=0.27611
distilbert seed=42 epoch=1 batch=1000/2714 loss=0.26186
distilbert seed=42 epoch=1 batch=1100/2714 loss=0.24957
distilbert seed=42 epoch=1 batch=1200/2714 loss=0.23926
distilbert seed=42 epoch=1 batch=1300/2714 loss=0.22970
distilbert seed=42 epoch=1 batch=1400/2714 loss=0.22129
distilbert seed=42 epoch=1 batch=1500/2714 loss=0.21402
distilbert seed=42 epoch=1 batch=1600/2714 loss=0.20719
distilbert seed=42 epoch=1 batch=1700/2714 loss=0.20130
distilbert seed=42 epoch=1 batch=1800/2714 loss=0.19598
distilbert seed=42 epoch=1 batch=1900/2714 loss=0.19103
distilbert seed=42 epoch=1 batch=2000/2714 loss=0.18671
distilbert seed=42 epoch=1 batch=2100/2714 loss=0.18260
distilbert seed=42 epoch=1 batch=2200/2714 loss=0.17871
distilbert seed=42 epoch=1 batch=2300/2714 loss=0.17520
distilbert seed=42 epoch=1 batch=2400/2714 loss=0.17190
distilbert seed=42 epoch=1 batch=2500/2714 loss=0.16884
distilbert seed=42 epoch=1 batch=2600/2714 loss=0.16609
distilbert seed=42 epoch=1 batch=2700/2714 loss=0.16343
distilbert seed=42 epoch=1: Macro-F1=0.2613; Micro-F1=0.5097
distilbert seed=42 epoch=2 batch=100/2714 loss=0.09052
distilbert seed=42 epoch=2 batch=200/2714 loss=0.08898
distilbert seed=42 epoch=2 batch=300/2714 loss=0.08890
distilbert seed=42 epoch=2 batch=400/2714 loss=0.08814
distilbert seed=42 epoch=2 batch=500/2714 loss=0.08760
distilbert seed=42 epoch=2 batch=600/2714 loss=0.08778
distilbert seed=42 epoch=2 batch=700/2714 loss=0.08784
distilbert seed=42 epoch=2 batch=800/2714 loss=0.08757
distilbert seed=42 epoch=2 batch=900/2714 loss=0.08772
distilbert seed=42 epoch=2 batch=1000/2714 loss=0.08739
distilbert seed=42 epoch=2 batch=1100/2714 loss=0.08739
distilbert seed=42 epoch=2 batch=1200/2714 loss=0.08740
distilbert seed=42 epoch=2 batch=1300/2714 loss=0.08734
distilbert seed=42 epoch=2 batch=1400/2714 loss=0.08718
distilbert seed=42 epoch=2 batch=1500/2714 loss=0.08728
distilbert seed=42 epoch=2 batch=1600/2714 loss=0.08711
distilbert seed=42 epoch=2 batch=1700/2714 loss=0.08703
distilbert seed=42 epoch=2 batch=1800/2714 loss=0.08692
distilbert seed=42 epoch=2 batch=1900/2714 loss=0.08660
distilbert seed=42 epoch=2 batch=2000/2714 loss=0.08662
distilbert seed=42 epoch=2 batch=2100/2714 loss=0.08646
distilbert seed=42 epoch=2 batch=2200/2714 loss=0.08656
distilbert seed=42 epoch=2 batch=2300/2714 loss=0.08658
distilbert seed=42 epoch=2 batch=2400/2714 loss=0.08645
distilbert seed=42 epoch=2 batch=2500/2714 loss=0.08627
distilbert seed=42 epoch=2 batch=2600/2714 loss=0.08613
distilbert seed=42 epoch=2 batch=2700/2714 loss=0.08588
distilbert seed=42 epoch=2: Macro-F1=0.3709; Micro-F1=0.5568
distilbert seed=42 epoch=3 batch=100/2714 loss=0.07817
distilbert seed=42 epoch=3 batch=200/2714 loss=0.07734
distilbert seed=42 epoch=3 batch=300/2714 loss=0.07771
distilbert seed=42 epoch=3 batch=400/2714 loss=0.07777
distilbert seed=42 epoch=3 batch=500/2714 loss=0.07706
distilbert seed=42 epoch=3 batch=600/2714 loss=0.07703
distilbert seed=42 epoch=3 batch=700/2714 loss=0.07673
distilbert seed=42 epoch=3 batch=800/2714 loss=0.07635
distilbert seed=42 epoch=3 batch=900/2714 loss=0.07638
distilbert seed=42 epoch=3 batch=1000/2714 loss=0.07645
distilbert seed=42 epoch=3 batch=1100/2714 loss=0.07602
distilbert seed=42 epoch=3 batch=1200/2714 loss=0.07605
distilbert seed=42 epoch=3 batch=1300/2714 loss=0.07610
distilbert seed=42 epoch=3 batch=1400/2714 loss=0.07609
distilbert seed=42 epoch=3 batch=1500/2714 loss=0.07591
distilbert seed=42 epoch=3 batch=1600/2714 loss=0.07590
distilbert seed=42 epoch=3 batch=1700/2714 loss=0.07608
distilbert seed=42 epoch=3 batch=1800/2714 loss=0.07602
distilbert seed=42 epoch=3 batch=1900/2714 loss=0.07598
distilbert seed=42 epoch=3 batch=2000/2714 loss=0.07606
distilbert seed=42 epoch=3 batch=2100/2714 loss=0.07608
distilbert seed=42 epoch=3 batch=2200/2714 loss=0.07602
distilbert seed=42 epoch=3 batch=2300/2714 loss=0.07614
distilbert seed=42 epoch=3 batch=2400/2714 loss=0.07621
distilbert seed=42 epoch=3 batch=2500/2714 loss=0.07608
distilbert seed=42 epoch=3 batch=2600/2714 loss=0.07607
distilbert seed=42 epoch=3 batch=2700/2714 loss=0.07606
distilbert seed=42 epoch=3: Macro-F1=0.4018; Micro-F1=0.5668
Đã lưu C FULL: D:\DoAn\Đồ án NLP\goemotions-multilabel-classification\data\processed\transformers\distilbert\seed_42\full\standard; best epoch=3
Bắt đầu distilbert, seed 123
Some weights of DistilBertForSequenceClassification were not initialized from the model checkpoint at distilbert/distilbert-base-uncased and are newly initialized: ['classifier.bias', 'classifier.weight', 'pre_classifier.bias', 'pre_classifier.weight']
You should probably TRAIN this model on a down-stream task to be able to use it for predictions and inference.
D:\DoAn\Đồ án NLP\goemotions-multilabel-classification\.venv-models\Lib\site-packages\torch\autograd\graph.py:979: UserWarning: Memory Efficient attention defaults to a non-deterministic algorithm. To explicitly enable determinism call torch.use_deterministic_algorithms(True, warn_only=False). (Triggered internally at C:\actions-runner\_work\pytorch\pytorch\aten\src\ATen\native\transformers\cuda\attention_backward.cu:835.)
  return Variable._execution_engine.run_backward(  # Calls into the C++ engine to run the backward pass
distilbert seed=123 epoch=1 batch=100/2714 loss=0.67198
distilbert seed=123 epoch=1 batch=200/2714 loss=0.58006
distilbert seed=123 epoch=1 batch=300/2714 loss=0.49214
distilbert seed=123 epoch=1 batch=400/2714 loss=0.42423
distilbert seed=123 epoch=1 batch=500/2714 loss=0.37384
distilbert seed=123 epoch=1 batch=600/2714 loss=0.33785
distilbert seed=123 epoch=1 batch=700/2714 loss=0.31140
distilbert seed=123 epoch=1 batch=800/2714 loss=0.29135
distilbert seed=123 epoch=1 batch=900/2714 loss=0.27505
distilbert seed=123 epoch=1 batch=1000/2714 loss=0.26126
distilbert seed=123 epoch=1 batch=1100/2714 loss=0.24898
distilbert seed=123 epoch=1 batch=1200/2714 loss=0.23852
distilbert seed=123 epoch=1 batch=1300/2714 loss=0.22911
distilbert seed=123 epoch=1 batch=1400/2714 loss=0.22068
distilbert seed=123 epoch=1 batch=1500/2714 loss=0.21338
distilbert seed=123 epoch=1 batch=1600/2714 loss=0.20683
distilbert seed=123 epoch=1 batch=1700/2714 loss=0.20112
distilbert seed=123 epoch=1 batch=1800/2714 loss=0.19555
distilbert seed=123 epoch=1 batch=1900/2714 loss=0.19055
distilbert seed=123 epoch=1 batch=2000/2714 loss=0.18616
distilbert seed=123 epoch=1 batch=2100/2714 loss=0.18211
distilbert seed=123 epoch=1 batch=2200/2714 loss=0.17807
distilbert seed=123 epoch=1 batch=2300/2714 loss=0.17452
distilbert seed=123 epoch=1 batch=2400/2714 loss=0.17135
distilbert seed=123 epoch=1 batch=2500/2714 loss=0.16839
distilbert seed=123 epoch=1 batch=2600/2714 loss=0.16559
distilbert seed=123 epoch=1 batch=2700/2714 loss=0.16302
distilbert seed=123 epoch=1: Macro-F1=0.2684; Micro-F1=0.5151
distilbert seed=123 epoch=2 batch=100/2714 loss=0.08640
distilbert seed=123 epoch=2 batch=200/2714 loss=0.08877
distilbert seed=123 epoch=2 batch=300/2714 loss=0.08964
distilbert seed=123 epoch=2 batch=400/2714 loss=0.08924
distilbert seed=123 epoch=2 batch=500/2714 loss=0.08892
distilbert seed=123 epoch=2 batch=600/2714 loss=0.08805
distilbert seed=123 epoch=2 batch=700/2714 loss=0.08831
distilbert seed=123 epoch=2 batch=800/2714 loss=0.08828
distilbert seed=123 epoch=2 batch=900/2714 loss=0.08823
distilbert seed=123 epoch=2 batch=1000/2714 loss=0.08810
distilbert seed=123 epoch=2 batch=1100/2714 loss=0.08785
distilbert seed=123 epoch=2 batch=1200/2714 loss=0.08780
distilbert seed=123 epoch=2 batch=1300/2714 loss=0.08774
distilbert seed=123 epoch=2 batch=1400/2714 loss=0.08738
distilbert seed=123 epoch=2 batch=1500/2714 loss=0.08724
distilbert seed=123 epoch=2 batch=1600/2714 loss=0.08729
distilbert seed=123 epoch=2 batch=1700/2714 loss=0.08708
distilbert seed=123 epoch=2 batch=1800/2714 loss=0.08703
distilbert seed=123 epoch=2 batch=1900/2714 loss=0.08685
distilbert seed=123 epoch=2 batch=2000/2714 loss=0.08674
distilbert seed=123 epoch=2 batch=2100/2714 loss=0.08679
distilbert seed=123 epoch=2 batch=2200/2714 loss=0.08658
distilbert seed=123 epoch=2 batch=2300/2714 loss=0.08642
distilbert seed=123 epoch=2 batch=2400/2714 loss=0.08633
distilbert seed=123 epoch=2 batch=2500/2714 loss=0.08631
distilbert seed=123 epoch=2 batch=2600/2714 loss=0.08621
distilbert seed=123 epoch=2 batch=2700/2714 loss=0.08615
distilbert seed=123 epoch=2: Macro-F1=0.3832; Micro-F1=0.5666
distilbert seed=123 epoch=3 batch=100/2714 loss=0.07749
distilbert seed=123 epoch=3 batch=200/2714 loss=0.07676
distilbert seed=123 epoch=3 batch=300/2714 loss=0.07697
distilbert seed=123 epoch=3 batch=400/2714 loss=0.07736
distilbert seed=123 epoch=3 batch=500/2714 loss=0.07732
distilbert seed=123 epoch=3 batch=600/2714 loss=0.07700
distilbert seed=123 epoch=3 batch=700/2714 loss=0.07690
distilbert seed=123 epoch=3 batch=800/2714 loss=0.07678
distilbert seed=123 epoch=3 batch=900/2714 loss=0.07663
distilbert seed=123 epoch=3 batch=1000/2714 loss=0.07661
distilbert seed=123 epoch=3 batch=1100/2714 loss=0.07653
distilbert seed=123 epoch=3 batch=1200/2714 loss=0.07639
distilbert seed=123 epoch=3 batch=1300/2714 loss=0.07651
distilbert seed=123 epoch=3 batch=1400/2714 loss=0.07651
distilbert seed=123 epoch=3 batch=1500/2714 loss=0.07675
distilbert seed=123 epoch=3 batch=1600/2714 loss=0.07656
distilbert seed=123 epoch=3 batch=1700/2714 loss=0.07662
distilbert seed=123 epoch=3 batch=1800/2714 loss=0.07656
distilbert seed=123 epoch=3 batch=1900/2714 loss=0.07627
distilbert seed=123 epoch=3 batch=2000/2714 loss=0.07614
distilbert seed=123 epoch=3 batch=2100/2714 loss=0.07623
distilbert seed=123 epoch=3 batch=2200/2714 loss=0.07604
distilbert seed=123 epoch=3 batch=2300/2714 loss=0.07590
distilbert seed=123 epoch=3 batch=2400/2714 loss=0.07607
distilbert seed=123 epoch=3 batch=2500/2714 loss=0.07601
distilbert seed=123 epoch=3 batch=2600/2714 loss=0.07602
distilbert seed=123 epoch=3 batch=2700/2714 loss=0.07609
distilbert seed=123 epoch=3: Macro-F1=0.4132; Micro-F1=0.5739
Đã lưu C FULL: D:\DoAn\Đồ án NLP\goemotions-multilabel-classification\data\processed\transformers\distilbert\seed_123\full\standard; best epoch=3
Bắt đầu distilbert, seed 2026
Some weights of DistilBertForSequenceClassification were not initialized from the model checkpoint at distilbert/distilbert-base-uncased and are newly initialized: ['classifier.bias', 'classifier.weight', 'pre_classifier.bias', 'pre_classifier.weight']
You should probably TRAIN this model on a down-stream task to be able to use it for predictions and inference.
D:\DoAn\Đồ án NLP\goemotions-multilabel-classification\.venv-models\Lib\site-packages\torch\autograd\graph.py:979: UserWarning: Memory Efficient attention defaults to a non-deterministic algorithm. To explicitly enable determinism call torch.use_deterministic_algorithms(True, warn_only=False). (Triggered internally at C:\actions-runner\_work\pytorch\pytorch\aten\src\ATen\native\transformers\cuda\attention_backward.cu:835.)
  return Variable._execution_engine.run_backward(  # Calls into the C++ engine to run the backward pass
distilbert seed=2026 epoch=1 batch=100/2714 loss=0.66414
distilbert seed=2026 epoch=1 batch=200/2714 loss=0.58332
distilbert seed=2026 epoch=1 batch=300/2714 loss=0.49766
distilbert seed=2026 epoch=1 batch=400/2714 loss=0.42798
distilbert seed=2026 epoch=1 batch=500/2714 loss=0.37674
distilbert seed=2026 epoch=1 batch=600/2714 loss=0.33997
distilbert seed=2026 epoch=1 batch=700/2714 loss=0.31312
distilbert seed=2026 epoch=1 batch=800/2714 loss=0.29190
distilbert seed=2026 epoch=1 batch=900/2714 loss=0.27497
distilbert seed=2026 epoch=1 batch=1000/2714 loss=0.26091
distilbert seed=2026 epoch=1 batch=1100/2714 loss=0.24840
distilbert seed=2026 epoch=1 batch=1200/2714 loss=0.23794
distilbert seed=2026 epoch=1 batch=1300/2714 loss=0.22858
distilbert seed=2026 epoch=1 batch=1400/2714 loss=0.22012
distilbert seed=2026 epoch=1 batch=1500/2714 loss=0.21268
distilbert seed=2026 epoch=1 batch=1600/2714 loss=0.20615
distilbert seed=2026 epoch=1 batch=1700/2714 loss=0.20020
distilbert seed=2026 epoch=1 batch=1800/2714 loss=0.19485
distilbert seed=2026 epoch=1 batch=1900/2714 loss=0.18995
distilbert seed=2026 epoch=1 batch=2000/2714 loss=0.18540
distilbert seed=2026 epoch=1 batch=2100/2714 loss=0.18137
distilbert seed=2026 epoch=1 batch=2200/2714 loss=0.17762
distilbert seed=2026 epoch=1 batch=2300/2714 loss=0.17411
distilbert seed=2026 epoch=1 batch=2400/2714 loss=0.17103
distilbert seed=2026 epoch=1 batch=2500/2714 loss=0.16801
distilbert seed=2026 epoch=1 batch=2600/2714 loss=0.16518
distilbert seed=2026 epoch=1 batch=2700/2714 loss=0.16242
distilbert seed=2026 epoch=1: Macro-F1=0.2482; Micro-F1=0.5184
distilbert seed=2026 epoch=2 batch=100/2714 loss=0.09152
distilbert seed=2026 epoch=2 batch=200/2714 loss=0.09020
distilbert seed=2026 epoch=2 batch=300/2714 loss=0.08962
distilbert seed=2026 epoch=2 batch=400/2714 loss=0.08972
distilbert seed=2026 epoch=2 batch=500/2714 loss=0.08952
distilbert seed=2026 epoch=2 batch=600/2714 loss=0.08961
distilbert seed=2026 epoch=2 batch=700/2714 loss=0.08894
distilbert seed=2026 epoch=2 batch=800/2714 loss=0.08840
distilbert seed=2026 epoch=2 batch=900/2714 loss=0.08825
distilbert seed=2026 epoch=2 batch=1000/2714 loss=0.08800
distilbert seed=2026 epoch=2 batch=1100/2714 loss=0.08758
distilbert seed=2026 epoch=2 batch=1200/2714 loss=0.08737
distilbert seed=2026 epoch=2 batch=1300/2714 loss=0.08730
distilbert seed=2026 epoch=2 batch=1400/2714 loss=0.08713
distilbert seed=2026 epoch=2 batch=1500/2714 loss=0.08701
distilbert seed=2026 epoch=2 batch=1600/2714 loss=0.08694
distilbert seed=2026 epoch=2 batch=1700/2714 loss=0.08687
distilbert seed=2026 epoch=2 batch=1800/2714 loss=0.08661
distilbert seed=2026 epoch=2 batch=1900/2714 loss=0.08663
distilbert seed=2026 epoch=2 batch=2000/2714 loss=0.08653
distilbert seed=2026 epoch=2 batch=2100/2714 loss=0.08637
distilbert seed=2026 epoch=2 batch=2200/2714 loss=0.08630
distilbert seed=2026 epoch=2 batch=2300/2714 loss=0.08621
distilbert seed=2026 epoch=2 batch=2400/2714 loss=0.08622
distilbert seed=2026 epoch=2 batch=2500/2714 loss=0.08627
distilbert seed=2026 epoch=2 batch=2600/2714 loss=0.08621
distilbert seed=2026 epoch=2 batch=2700/2714 loss=0.08611
distilbert seed=2026 epoch=2: Macro-F1=0.3804; Micro-F1=0.5626
distilbert seed=2026 epoch=3 batch=100/2714 loss=0.07475
distilbert seed=2026 epoch=3 batch=200/2714 loss=0.07672
distilbert seed=2026 epoch=3 batch=300/2714 loss=0.07582
distilbert seed=2026 epoch=3 batch=400/2714 loss=0.07596
distilbert seed=2026 epoch=3 batch=500/2714 loss=0.07580
distilbert seed=2026 epoch=3 batch=600/2714 loss=0.07601
distilbert seed=2026 epoch=3 batch=700/2714 loss=0.07649
distilbert seed=2026 epoch=3 batch=800/2714 loss=0.07601
distilbert seed=2026 epoch=3 batch=900/2714 loss=0.07608
distilbert seed=2026 epoch=3 batch=1000/2714 loss=0.07612
distilbert seed=2026 epoch=3 batch=1100/2714 loss=0.07605
distilbert seed=2026 epoch=3 batch=1200/2714 loss=0.07617
distilbert seed=2026 epoch=3 batch=1300/2714 loss=0.07618
distilbert seed=2026 epoch=3 batch=1400/2714 loss=0.07622
distilbert seed=2026 epoch=3 batch=1500/2714 loss=0.07615
distilbert seed=2026 epoch=3 batch=1600/2714 loss=0.07643
distilbert seed=2026 epoch=3 batch=1700/2714 loss=0.07641
distilbert seed=2026 epoch=3 batch=1800/2714 loss=0.07635
distilbert seed=2026 epoch=3 batch=1900/2714 loss=0.07631
distilbert seed=2026 epoch=3 batch=2000/2714 loss=0.07618
distilbert seed=2026 epoch=3 batch=2100/2714 loss=0.07610
distilbert seed=2026 epoch=3 batch=2200/2714 loss=0.07620
distilbert seed=2026 epoch=3 batch=2300/2714 loss=0.07603
distilbert seed=2026 epoch=3 batch=2400/2714 loss=0.07598
distilbert seed=2026 epoch=3 batch=2500/2714 loss=0.07593
distilbert seed=2026 epoch=3 batch=2600/2714 loss=0.07584
distilbert seed=2026 epoch=3 batch=2700/2714 loss=0.07587
distilbert seed=2026 epoch=3: Macro-F1=0.4042; Micro-F1=0.5728
Đã lưu C FULL: D:\DoAn\Đồ án NLP\goemotions-multilabel-classification\data\processed\transformers\distilbert\seed_2026\full\standard; best epoch=3

2026-10-08T14:53:40.159794+00:00 | -m scripts.run_zero_shot --device cuda --batch-size 16 --dtype float16
Device set to use cuda:0
Saved 16/5,426 texts
Saved 32/5,426 texts
Saved 48/5,426 texts
Saved 64/5,426 texts
Saved 80/5,426 texts
Saved 96/5,426 texts
Saved 112/5,426 texts
Saved 128/5,426 texts
Saved 144/5,426 texts
Saved 160/5,426 texts
You seem to be using the pipelines sequentially on GPU. In order to maximize efficiency please use a dataset
Saved 176/5,426 texts
Saved 192/5,426 texts
Saved 208/5,426 texts
Saved 224/5,426 texts
Saved 240/5,426 texts
Saved 256/5,426 texts
Saved 272/5,426 texts
Saved 288/5,426 texts
Saved 304/5,426 texts
Saved 320/5,426 texts
Saved 336/5,426 texts
Saved 352/5,426 texts
Saved 368/5,426 texts
Saved 384/5,426 texts
Saved 400/5,426 texts
Saved 416/5,426 texts
Saved 432/5,426 texts
Saved 448/5,426 texts
Saved 464/5,426 texts
Saved 480/5,426 texts
Saved 496/5,426 texts
Saved 512/5,426 texts
Saved 528/5,426 texts
Saved 544/5,426 texts
Saved 560/5,426 texts
Saved 576/5,426 texts
Saved 592/5,426 texts
Saved 608/5,426 texts
Saved 624/5,426 texts
Saved 640/5,426 texts
Saved 656/5,426 texts
Saved 672/5,426 texts
Saved 688/5,426 texts
Saved 704/5,426 texts
Saved 720/5,426 texts
Saved 736/5,426 texts
Saved 752/5,426 texts
Saved 768/5,426 texts
Saved 784/5,426 texts
Saved 800/5,426 texts
Saved 816/5,426 texts
Saved 832/5,426 texts
Saved 848/5,426 texts
Saved 864/5,426 texts
Saved 880/5,426 texts
Saved 896/5,426 texts
Saved 912/5,426 texts
Saved 928/5,426 texts
Saved 944/5,426 texts
Saved 960/5,426 texts
Saved 976/5,426 texts
Saved 992/5,426 texts
Saved 1,008/5,426 texts
Saved 1,024/5,426 texts
Saved 1,040/5,426 texts
Saved 1,056/5,426 texts
Saved 1,072/5,426 texts
Saved 1,088/5,426 texts
Saved 1,104/5,426 texts
Saved 1,120/5,426 texts
Saved 1,136/5,426 texts
Saved 1,152/5,426 texts
Saved 1,168/5,426 texts
Saved 1,184/5,426 texts
Saved 1,200/5,426 texts
Saved 1,216/5,426 texts
Saved 1,232/5,426 texts
Saved 1,248/5,426 texts
Saved 1,264/5,426 texts
Saved 1,280/5,426 texts
Saved 1,296/5,426 texts
Saved 1,312/5,426 texts
Saved 1,328/5,426 texts
Saved 1,344/5,426 texts
Saved 1,360/5,426 texts
Saved 1,376/5,426 texts
Saved 1,392/5,426 texts
Saved 1,408/5,426 texts
Saved 1,424/5,426 texts
Saved 1,440/5,426 texts
Saved 1,456/5,426 texts
Saved 1,472/5,426 texts
Saved 1,488/5,426 texts
Saved 1,504/5,426 texts
Saved 1,520/5,426 texts
Saved 1,536/5,426 texts
Saved 1,552/5,426 texts
Saved 1,568/5,426 texts
Saved 1,584/5,426 texts
Saved 1,600/5,426 texts
Saved 1,616/5,426 texts
Saved 1,632/5,426 texts
Saved 1,648/5,426 texts
Saved 1,664/5,426 texts
Saved 1,680/5,426 texts
Saved 1,696/5,426 texts
Saved 1,712/5,426 texts
Saved 1,728/5,426 texts
Saved 1,744/5,426 texts
Saved 1,760/5,426 texts
Saved 1,776/5,426 texts
Saved 1,792/5,426 texts
Saved 1,808/5,426 texts
Saved 1,824/5,426 texts
Saved 1,840/5,426 texts
Saved 1,856/5,426 texts
Saved 1,872/5,426 texts
Saved 1,888/5,426 texts
Saved 1,904/5,426 texts
Saved 1,920/5,426 texts
Saved 1,936/5,426 texts
Saved 1,952/5,426 texts
Saved 1,968/5,426 texts
Saved 1,984/5,426 texts
Saved 2,000/5,426 texts
Saved 2,016/5,426 texts
Saved 2,032/5,426 texts
Saved 2,048/5,426 texts
Saved 2,064/5,426 texts
Saved 2,080/5,426 texts
Saved 2,096/5,426 texts
Saved 2,112/5,426 texts
Saved 2,128/5,426 texts
Saved 2,144/5,426 texts
Saved 2,160/5,426 texts
Saved 2,176/5,426 texts
Saved 2,192/5,426 texts
Saved 2,208/5,426 texts
Saved 2,224/5,426 texts
Saved 2,240/5,426 texts
Saved 2,256/5,426 texts
Saved 2,272/5,426 texts
Saved 2,288/5,426 texts
Saved 2,304/5,426 texts
Saved 2,320/5,426 texts
Saved 2,336/5,426 texts
Saved 2,352/5,426 texts
Saved 2,368/5,426 texts
Saved 2,384/5,426 texts
Saved 2,400/5,426 texts
Saved 2,416/5,426 texts
Saved 2,432/5,426 texts
Saved 2,448/5,426 texts
Saved 2,464/5,426 texts
Saved 2,480/5,426 texts
Saved 2,496/5,426 texts
Saved 2,512/5,426 texts
Saved 2,528/5,426 texts
Saved 2,544/5,426 texts
Saved 2,560/5,426 texts
Saved 2,576/5,426 texts
Saved 2,592/5,426 texts
Saved 2,608/5,426 texts
Saved 2,624/5,426 texts
Saved 2,640/5,426 texts
Saved 2,656/5,426 texts
Saved 2,672/5,426 texts
Saved 2,688/5,426 texts
Saved 2,704/5,426 texts
Saved 2,720/5,426 texts
Saved 2,736/5,426 texts
Saved 2,752/5,426 texts
Saved 2,768/5,426 texts
Saved 2,784/5,426 texts
Saved 2,800/5,426 texts
Saved 2,816/5,426 texts
Saved 2,832/5,426 texts
Saved 2,848/5,426 texts
Saved 2,864/5,426 texts
Saved 2,880/5,426 texts
Saved 2,896/5,426 texts
Saved 2,912/5,426 texts
Saved 2,928/5,426 texts
Saved 2,944/5,426 texts
Saved 2,960/5,426 texts
Saved 2,976/5,426 texts
Saved 2,992/5,426 texts
Saved 3,008/5,426 texts
Saved 3,024/5,426 texts
Saved 3,040/5,426 texts
Saved 3,056/5,426 texts
Saved 3,072/5,426 texts
Saved 3,088/5,426 texts
Saved 3,104/5,426 texts
Saved 3,120/5,426 texts
Saved 3,136/5,426 texts
Saved 3,152/5,426 texts
Saved 3,168/5,426 texts
Saved 3,184/5,426 texts
Saved 3,200/5,426 texts
Saved 3,216/5,426 texts
Saved 3,232/5,426 texts
Saved 3,248/5,426 texts
Saved 3,264/5,426 texts
Saved 3,280/5,426 texts
Saved 3,296/5,426 texts
Saved 3,312/5,426 texts
Saved 3,328/5,426 texts
Saved 3,344/5,426 texts
Saved 3,360/5,426 texts
Saved 3,376/5,426 texts
Saved 3,392/5,426 texts
Saved 3,408/5,426 texts
Saved 3,424/5,426 texts
Saved 3,440/5,426 texts
Saved 3,456/5,426 texts
Saved 3,472/5,426 texts
Saved 3,488/5,426 texts
Saved 3,504/5,426 texts
Saved 3,520/5,426 texts
Saved 3,536/5,426 texts
Saved 3,552/5,426 texts
Saved 3,568/5,426 texts
Saved 3,584/5,426 texts
Saved 3,600/5,426 texts
Saved 3,616/5,426 texts
Saved 3,632/5,426 texts
Saved 3,648/5,426 texts
Saved 3,664/5,426 texts
Saved 3,680/5,426 texts
Saved 3,696/5,426 texts
Saved 3,712/5,426 texts
Saved 3,728/5,426 texts
Saved 3,744/5,426 texts
Saved 3,760/5,426 texts
Saved 3,776/5,426 texts
Saved 3,792/5,426 texts
Saved 3,808/5,426 texts
Saved 3,824/5,426 texts
Saved 3,840/5,426 texts
Saved 3,856/5,426 texts
Saved 3,872/5,426 texts
Saved 3,888/5,426 texts
Saved 3,904/5,426 texts
Saved 3,920/5,426 texts
Saved 3,936/5,426 texts
Saved 3,952/5,426 texts
Saved 3,968/5,426 texts
Saved 3,984/5,426 texts
Saved 4,000/5,426 texts
Saved 4,016/5,426 texts
Saved 4,032/5,426 texts
Saved 4,048/5,426 texts
Saved 4,064/5,426 texts
Saved 4,080/5,426 texts
Saved 4,096/5,426 texts
Saved 4,112/5,426 texts
Saved 4,128/5,426 texts
Saved 4,144/5,426 texts
Saved 4,160/5,426 texts
Saved 4,176/5,426 texts
Saved 4,192/5,426 texts
Saved 4,208/5,426 texts
Saved 4,224/5,426 texts
Saved 4,240/5,426 texts
Saved 4,256/5,426 texts
Saved 4,272/5,426 texts
Saved 4,288/5,426 texts
Saved 4,304/5,426 texts
Saved 4,320/5,426 texts
Saved 4,336/5,426 texts
Saved 4,352/5,426 texts
Saved 4,368/5,426 texts
Saved 4,384/5,426 texts
Saved 4,400/5,426 texts
Saved 4,416/5,426 texts
Saved 4,432/5,426 texts
Saved 4,448/5,426 texts
Saved 4,464/5,426 texts
Saved 4,480/5,426 texts
Saved 4,496/5,426 texts
Saved 4,512/5,426 texts
Saved 4,528/5,426 texts
Saved 4,544/5,426 texts
Saved 4,560/5,426 texts
Saved 4,576/5,426 texts
Saved 4,592/5,426 texts
Saved 4,608/5,426 texts
Saved 4,624/5,426 texts
Saved 4,640/5,426 texts
Saved 4,656/5,426 texts
Saved 4,672/5,426 texts
Saved 4,688/5,426 texts
Saved 4,704/5,426 texts
Saved 4,720/5,426 texts
Saved 4,736/5,426 texts
Saved 4,752/5,426 texts
Saved 4,768/5,426 texts
Saved 4,784/5,426 texts
Saved 4,800/5,426 texts
Saved 4,816/5,426 texts
Saved 4,832/5,426 texts
Saved 4,848/5,426 texts
Saved 4,864/5,426 texts
Saved 4,880/5,426 texts
Saved 4,896/5,426 texts
Saved 4,912/5,426 texts
Saved 4,928/5,426 texts
Saved 4,944/5,426 texts
Saved 4,960/5,426 texts
Saved 4,976/5,426 texts
Saved 4,992/5,426 texts
Saved 5,008/5,426 texts
Saved 5,024/5,426 texts
Saved 5,040/5,426 texts
Saved 5,056/5,426 texts
Saved 5,072/5,426 texts
Saved 5,088/5,426 texts
Saved 5,104/5,426 texts
Saved 5,120/5,426 texts
Saved 5,136/5,426 texts
Saved 5,152/5,426 texts
Saved 5,168/5,426 texts
Saved 5,184/5,426 texts
Saved 5,200/5,426 texts
Saved 5,216/5,426 texts
Saved 5,232/5,426 texts
Saved 5,248/5,426 texts
Saved 5,264/5,426 texts
Saved 5,280/5,426 texts
Saved 5,296/5,426 texts
Saved 5,312/5,426 texts
Saved 5,328/5,426 texts
Saved 5,344/5,426 texts
Saved 5,360/5,426 texts
Saved 5,376/5,426 texts
Saved 5,392/5,426 texts
Saved 5,408/5,426 texts
Saved 5,424/5,426 texts
Saved 5,426/5,426 texts
FULL | validation: 5,426 câu
Macro-F1=0.1060; Micro-F1=0.1027; Hamming Loss=0.5307
Đã lưu: D:\DoAn\Đồ án NLP\goemotions-multilabel-classification\data\processed\zero_shot\full\validation_scores.npz

2026-10-08T15:14:13.310376+00:00 | -m scripts.select_best_transformer
| Kiến trúc | Seed | Macro-F1 mean ± std | Micro-F1 mean ± std | Hamming mean ± std |
|---|---|---|---|---|
| bert | 42, 123, 2026 | 0.4713 ± 0.0066 | 0.5807 ± 0.0042 | 0.0322 ± 0.0005 |
| roberta | 42, 123, 2026 | 0.4234 ± 0.0108 | 0.5767 ± 0.0033 | 0.0300 ± 0.0000 |
| distilbert | 42, 123, 2026 | 0.4064 ± 0.0060 | 0.5712 ± 0.0038 | 0.0302 ± 0.0003 |
Demo chọn bert, seed 123; lưu D:\DoAn\Đồ án NLP\goemotions-multilabel-classification\data\processed\transformers\selected_model.json

2026-10-08T15:15:24.011872+00:00 | -m scripts.freeze_baseline
Frozen 6 configurations without opening test.
Selected on validation: balanced_tuned
Protocol: data/processed/baseline/final_protocol.json

2026-10-08T15:15:28.272681+00:00 | -m scripts.evaluate_baseline_test
Final baseline test (all configurations were frozen before reading test):
standard_fixed     Macro-F1=0.1963 Micro-F1=0.3800
standard_global    Macro-F1=0.4096 Micro-F1=0.5047
standard_tuned     Macro-F1=0.4134 Micro-F1=0.5330
balanced_fixed     Macro-F1=0.4441 Micro-F1=0.5024
balanced_global    Macro-F1=0.4530 Micro-F1=0.5157
balanced_tuned     Macro-F1=0.4493 Micro-F1=0.5277
Selection made on validation: balanced_tuned
Artifacts: data/processed/baseline/final/

2026-10-08T15:15:34.975896+00:00 | -m scripts.run_zero_shot --split test --protocol D:\DoAn\Đồ án NLP\goemotions-multilabel-classification\data\processed\zero_shot\full\final_protocol.json --device cuda --batch-size 16 --dtype float16
Device set to use cuda:0
Saved 16/5,427 texts
Saved 32/5,427 texts
Saved 48/5,427 texts
Saved 64/5,427 texts
Saved 80/5,427 texts
Saved 96/5,427 texts
Saved 112/5,427 texts
Saved 128/5,427 texts
Saved 144/5,427 texts
Saved 160/5,427 texts
You seem to be using the pipelines sequentially on GPU. In order to maximize efficiency please use a dataset
Saved 176/5,427 texts
Saved 192/5,427 texts
Saved 208/5,427 texts
Saved 224/5,427 texts
Saved 240/5,427 texts
Saved 256/5,427 texts
Saved 272/5,427 texts
Saved 288/5,427 texts
Saved 304/5,427 texts
Saved 320/5,427 texts
Saved 336/5,427 texts
Saved 352/5,427 texts
Saved 368/5,427 texts
Saved 384/5,427 texts
Saved 400/5,427 texts
Saved 416/5,427 texts
Saved 432/5,427 texts
Saved 448/5,427 texts
Saved 464/5,427 texts
Saved 480/5,427 texts
Saved 496/5,427 texts
Saved 512/5,427 texts
Saved 528/5,427 texts
Saved 544/5,427 texts
Saved 560/5,427 texts
Saved 576/5,427 texts
Saved 592/5,427 texts
Saved 608/5,427 texts
Saved 624/5,427 texts
Saved 640/5,427 texts
Saved 656/5,427 texts
Saved 672/5,427 texts
Saved 688/5,427 texts
Saved 704/5,427 texts
Saved 720/5,427 texts
Saved 736/5,427 texts
Saved 752/5,427 texts
Saved 768/5,427 texts
Saved 784/5,427 texts
Saved 800/5,427 texts
Saved 816/5,427 texts
Saved 832/5,427 texts
Saved 848/5,427 texts
Saved 864/5,427 texts
Saved 880/5,427 texts
Saved 896/5,427 texts
Saved 912/5,427 texts
Saved 928/5,427 texts
Saved 944/5,427 texts
Saved 960/5,427 texts
Saved 976/5,427 texts
Saved 992/5,427 texts
Saved 1,008/5,427 texts
Saved 1,024/5,427 texts
Saved 1,040/5,427 texts
Saved 1,056/5,427 texts
Saved 1,072/5,427 texts
Saved 1,088/5,427 texts
Saved 1,104/5,427 texts
Saved 1,120/5,427 texts
Saved 1,136/5,427 texts
Saved 1,152/5,427 texts
Saved 1,168/5,427 texts
Saved 1,184/5,427 texts
Saved 1,200/5,427 texts
Saved 1,216/5,427 texts
Saved 1,232/5,427 texts
Saved 1,248/5,427 texts
Saved 1,264/5,427 texts
Saved 1,280/5,427 texts
Saved 1,296/5,427 texts
Saved 1,312/5,427 texts
Saved 1,328/5,427 texts
Saved 1,344/5,427 texts
Saved 1,360/5,427 texts
Saved 1,376/5,427 texts
Saved 1,392/5,427 texts
Saved 1,408/5,427 texts
Saved 1,424/5,427 texts
Saved 1,440/5,427 texts
Saved 1,456/5,427 texts
Saved 1,472/5,427 texts
Saved 1,488/5,427 texts
Saved 1,504/5,427 texts
Saved 1,520/5,427 texts
Saved 1,536/5,427 texts
Saved 1,552/5,427 texts
Saved 1,568/5,427 texts
Saved 1,584/5,427 texts
Saved 1,600/5,427 texts
Saved 1,616/5,427 texts
Saved 1,632/5,427 texts
Saved 1,648/5,427 texts
Saved 1,664/5,427 texts
Saved 1,680/5,427 texts
Saved 1,696/5,427 texts
Saved 1,712/5,427 texts
Saved 1,728/5,427 texts
Saved 1,744/5,427 texts
Saved 1,760/5,427 texts
Saved 1,776/5,427 texts
Saved 1,792/5,427 texts
Saved 1,808/5,427 texts
Saved 1,824/5,427 texts
Saved 1,840/5,427 texts
Saved 1,856/5,427 texts
Saved 1,872/5,427 texts
Saved 1,888/5,427 texts
Saved 1,904/5,427 texts
Saved 1,920/5,427 texts
Saved 1,936/5,427 texts
Saved 1,952/5,427 texts
Saved 1,968/5,427 texts
Saved 1,984/5,427 texts
Saved 2,000/5,427 texts
Saved 2,016/5,427 texts
Saved 2,032/5,427 texts
Saved 2,048/5,427 texts
Saved 2,064/5,427 texts
Saved 2,080/5,427 texts
Saved 2,096/5,427 texts
Saved 2,112/5,427 texts
Saved 2,128/5,427 texts
Saved 2,144/5,427 texts
Saved 2,160/5,427 texts
Saved 2,176/5,427 texts
Saved 2,192/5,427 texts
Saved 2,208/5,427 texts
Saved 2,224/5,427 texts
Saved 2,240/5,427 texts
Saved 2,256/5,427 texts
Saved 2,272/5,427 texts
Saved 2,288/5,427 texts
Saved 2,304/5,427 texts
Saved 2,320/5,427 texts
Saved 2,336/5,427 texts
Saved 2,352/5,427 texts
Saved 2,368/5,427 texts
Saved 2,384/5,427 texts
Saved 2,400/5,427 texts
Saved 2,416/5,427 texts
Saved 2,432/5,427 texts
Saved 2,448/5,427 texts
Saved 2,464/5,427 texts
Saved 2,480/5,427 texts
Saved 2,496/5,427 texts
Saved 2,512/5,427 texts
Saved 2,528/5,427 texts
Saved 2,544/5,427 texts
Saved 2,560/5,427 texts
Saved 2,576/5,427 texts
Saved 2,592/5,427 texts
Saved 2,608/5,427 texts
Saved 2,624/5,427 texts
Saved 2,640/5,427 texts
Saved 2,656/5,427 texts
Saved 2,672/5,427 texts
Saved 2,688/5,427 texts
Saved 2,704/5,427 texts
Saved 2,720/5,427 texts
Saved 2,736/5,427 texts
Saved 2,752/5,427 texts
Saved 2,768/5,427 texts
Saved 2,784/5,427 texts
Saved 2,800/5,427 texts
Saved 2,816/5,427 texts
Saved 2,832/5,427 texts
Saved 2,848/5,427 texts
Saved 2,864/5,427 texts
Saved 2,880/5,427 texts
Saved 2,896/5,427 texts
Saved 2,912/5,427 texts
Saved 2,928/5,427 texts
Saved 2,944/5,427 texts
Saved 2,960/5,427 texts
Saved 2,976/5,427 texts
Saved 2,992/5,427 texts
Saved 3,008/5,427 texts
Saved 3,024/5,427 texts
Saved 3,040/5,427 texts
Saved 3,056/5,427 texts
Saved 3,072/5,427 texts
Saved 3,088/5,427 texts
Saved 3,104/5,427 texts
Saved 3,120/5,427 texts
Saved 3,136/5,427 texts
Saved 3,152/5,427 texts
Saved 3,168/5,427 texts
Saved 3,184/5,427 texts
Saved 3,200/5,427 texts
Saved 3,216/5,427 texts
Saved 3,232/5,427 texts
Saved 3,248/5,427 texts
Saved 3,264/5,427 texts
Saved 3,280/5,427 texts
Saved 3,296/5,427 texts
Saved 3,312/5,427 texts
Saved 3,328/5,427 texts
Saved 3,344/5,427 texts
Saved 3,360/5,427 texts
Saved 3,376/5,427 texts
Saved 3,392/5,427 texts
Saved 3,408/5,427 texts
Saved 3,424/5,427 texts
Saved 3,440/5,427 texts
Saved 3,456/5,427 texts
Saved 3,472/5,427 texts
Saved 3,488/5,427 texts
Saved 3,504/5,427 texts
Saved 3,520/5,427 texts
Saved 3,536/5,427 texts
Saved 3,552/5,427 texts
Saved 3,568/5,427 texts
Saved 3,584/5,427 texts
Saved 3,600/5,427 texts
Saved 3,616/5,427 texts
Saved 3,632/5,427 texts
Saved 3,648/5,427 texts
Saved 3,664/5,427 texts
Saved 3,680/5,427 texts
Saved 3,696/5,427 texts
Saved 3,712/5,427 texts
Saved 3,728/5,427 texts
Saved 3,744/5,427 texts
Saved 3,760/5,427 texts
Saved 3,776/5,427 texts
Saved 3,792/5,427 texts
Saved 3,808/5,427 texts
Saved 3,824/5,427 texts
Saved 3,840/5,427 texts
Saved 3,856/5,427 texts
Saved 3,872/5,427 texts
Saved 3,888/5,427 texts
Saved 3,904/5,427 texts
Saved 3,920/5,427 texts
Saved 3,936/5,427 texts
Saved 3,952/5,427 texts
Saved 3,968/5,427 texts
Saved 3,984/5,427 texts
Saved 4,000/5,427 texts
Saved 4,016/5,427 texts
Saved 4,032/5,427 texts
Saved 4,048/5,427 texts
Saved 4,064/5,427 texts
Saved 4,080/5,427 texts
Saved 4,096/5,427 texts
Saved 4,112/5,427 texts
Saved 4,128/5,427 texts
Saved 4,144/5,427 texts
Saved 4,160/5,427 texts
Saved 4,176/5,427 texts
Saved 4,192/5,427 texts
Saved 4,208/5,427 texts
Saved 4,224/5,427 texts
Saved 4,240/5,427 texts
Saved 4,256/5,427 texts
Saved 4,272/5,427 texts
Saved 4,288/5,427 texts
Saved 4,304/5,427 texts
Saved 4,320/5,427 texts
Saved 4,336/5,427 texts
Saved 4,352/5,427 texts
Saved 4,368/5,427 texts
Saved 4,384/5,427 texts
Saved 4,400/5,427 texts
Saved 4,416/5,427 texts
Saved 4,432/5,427 texts
Saved 4,448/5,427 texts
Saved 4,464/5,427 texts
Saved 4,480/5,427 texts
Saved 4,496/5,427 texts
Saved 4,512/5,427 texts
Saved 4,528/5,427 texts
Saved 4,544/5,427 texts
Saved 4,560/5,427 texts
Saved 4,576/5,427 texts
Saved 4,592/5,427 texts
Saved 4,608/5,427 texts
Saved 4,624/5,427 texts
Saved 4,640/5,427 texts
Saved 4,656/5,427 texts
Saved 4,672/5,427 texts
Saved 4,688/5,427 texts
Saved 4,704/5,427 texts
Saved 4,720/5,427 texts
Saved 4,736/5,427 texts
Saved 4,752/5,427 texts
Saved 4,768/5,427 texts
Saved 4,784/5,427 texts
Saved 4,800/5,427 texts
Saved 4,816/5,427 texts
Saved 4,832/5,427 texts
Saved 4,848/5,427 texts
Saved 4,864/5,427 texts
Saved 4,880/5,427 texts
Saved 4,896/5,427 texts
Saved 4,912/5,427 texts
Saved 4,928/5,427 texts
Saved 4,944/5,427 texts
Saved 4,960/5,427 texts
Saved 4,976/5,427 texts
Saved 4,992/5,427 texts
Saved 5,008/5,427 texts
Saved 5,024/5,427 texts
Saved 5,040/5,427 texts
Saved 5,056/5,427 texts
Saved 5,072/5,427 texts
Saved 5,088/5,427 texts
Saved 5,104/5,427 texts
Saved 5,120/5,427 texts
Saved 5,136/5,427 texts
Saved 5,152/5,427 texts
Saved 5,168/5,427 texts
Saved 5,184/5,427 texts
Saved 5,200/5,427 texts
Saved 5,216/5,427 texts
Saved 5,232/5,427 texts
Saved 5,248/5,427 texts
Saved 5,264/5,427 texts
Saved 5,280/5,427 texts
Saved 5,296/5,427 texts
Saved 5,312/5,427 texts
Saved 5,328/5,427 texts
Saved 5,344/5,427 texts
Saved 5,360/5,427 texts
Saved 5,376/5,427 texts
Saved 5,392/5,427 texts
Saved 5,408/5,427 texts
Saved 5,424/5,427 texts
Saved 5,427/5,427 texts
FULL | test: 5,427 câu
Macro-F1=0.1609; Micro-F1=0.1752; Hamming Loss=0.2941
Đã lưu: D:\DoAn\Đồ án NLP\goemotions-multilabel-classification\data\processed\zero_shot\full\test_scores.npz

2026-10-08T15:44:14.978827+00:00 | -m scripts.evaluate_transformer_test --run-dir D:\DoAn\Đồ án NLP\goemotions-multilabel-classification\data\processed\transformers\bert\seed_42\full\standard --device cuda
fixed 0.4697007290666148 0.5832118665866415
global 0.4857573713220063 0.5772463272975743
tuned 0.49498173716177424 0.5876756756756757

2026-10-08T15:45:15.262846+00:00 | -m scripts.evaluate_transformer_test --run-dir D:\DoAn\Đồ án NLP\goemotions-multilabel-classification\data\processed\transformers\bert\seed_123\full\standard --device cuda
fixed 0.4772122693904424 0.5852642541004947
global 0.5021782686709412 0.5916767189384801
tuned 0.5141408478894374 0.5931811615140133

2026-10-08T15:46:09.227782+00:00 | -m scripts.evaluate_transformer_test --run-dir D:\DoAn\Đồ án NLP\goemotions-multilabel-classification\data\processed\transformers\bert\seed_2026\full\standard --device cuda
fixed 0.4690897175984516 0.5774696707105719
global 0.49063571381668275 0.5853914871255912
tuned 0.502133447304721 0.5891450248030348

2026-10-08T15:47:07.949293+00:00 | -m scripts.evaluate_transformer_test --run-dir D:\DoAn\Đồ án NLP\goemotions-multilabel-classification\data\processed\transformers\roberta\seed_42\full\standard --device cuda
fixed 0.42126954242235043 0.5804828036163668
global 0.47131755391866287 0.6076950737144912
tuned 0.4834912399059941 0.6056719395753171

2026-10-08T15:48:21.794501+00:00 | -m scripts.evaluate_transformer_test --run-dir D:\DoAn\Đồ án NLP\goemotions-multilabel-classification\data\processed\transformers\roberta\seed_123\full\standard --device cuda
fixed 0.41348959534754887 0.5794039984911354
global 0.4597793539617984 0.5767790262172284
tuned 0.47382878532024825 0.5988140913847227

2026-10-08T15:49:07.810091+00:00 | -m scripts.evaluate_transformer_test --run-dir D:\DoAn\Đồ án NLP\goemotions-multilabel-classification\data\processed\transformers\roberta\seed_2026\full\standard --device cuda
fixed 0.43106998273258956 0.5811440283212223
global 0.4778606210338965 0.5975404878704388
tuned 0.5042826122620339 0.6100555393159894

2026-10-08T15:49:52.845052+00:00 | -m scripts.evaluate_transformer_test --run-dir D:\DoAn\Đồ án NLP\goemotions-multilabel-classification\data\processed\transformers\distilbert\seed_42\full\standard --device cuda
fixed 0.4097210205269734 0.5714825663800435
global 0.46335749055266645 0.594583615436696
tuned 0.48043171619250924 0.588951048951049

2026-10-08T15:50:27.500553+00:00 | -m scripts.evaluate_transformer_test --run-dir D:\DoAn\Đồ án NLP\goemotions-multilabel-classification\data\processed\transformers\distilbert\seed_123\full\standard --device cuda
fixed 0.41563465350867723 0.5748582230623819
global 0.46082795165564605 0.5795128044971892
tuned 0.4820933243592723 0.5984331201035004

2026-10-08T15:50:59.531039+00:00 | -m scripts.evaluate_transformer_test --run-dir D:\DoAn\Đồ án NLP\goemotions-multilabel-classification\data\processed\transformers\distilbert\seed_2026\full\standard --device cuda
fixed 0.4093126972411299 0.5730188679245283
global 0.46954899270748734 0.5768130364473193
tuned 0.49737238119489025 0.593249184512835

2026-10-08T15:51:30.691336+00:00 | -m scripts.summarize_project --require-complete
Ghi 72 kết quả thật; còn thiếu 0 mục.

2026-10-08T15:51:58.235486+00:00 | -m scripts.analyze_project_errors --split validation
Đã phân tích 5,426 câu validation, 3 kiến trúc, 3 nhóm lỗi.

2026-10-08T15:52:11.951931+00:00 | -m scripts.analyze_project_errors --split test
Đã phân tích 5,427 câu test, 3 kiến trúc, 3 nhóm lỗi.
