Some weights of DistilBertForSequenceClassification were not initialized from the model checkpoint at distilbert/distilbert-base-uncased and are newly initialized: ['classifier.bias', 'classifier.weight', 'pre_classifier.bias', 'pre_classifier.weight']
You should probably TRAIN this model on a down-stream task to be able to use it for predictions and inference.
D:\Nam_3\HK1\NLP\LT\goemotions-multilabel-classification\.venv-huy\Lib\site-packages\torch\autograd\graph.py:869: UserWarning: Memory Efficient attention defaults to a non-deterministic algorithm. To explicitly enable determinism call torch.use_deterministic_algorithms(True, warn_only=False). (Triggered internally at C:\actions-runner\_work\pytorch\pytorch\pytorch\aten\src\ATen\native\transformers\cuda\attention_backward.cu:902.)
  return Variable._execution_engine.run_backward(  # Calls into the C++ engine to run the backward pass
epoch 1/3 batch 256/2714 loss=0.32495
epoch 1/3 batch 512/2714 loss=0.18895
epoch 1/3 batch 768/2714 loss=0.13705
epoch 1/3 batch 1024/2714 loss=0.11538
epoch 1/3 batch 1280/2714 loss=0.09938
epoch 1/3 batch 1536/2714 loss=0.09319
epoch 1/3 batch 1792/2714 loss=0.11498
epoch 1/3 batch 2048/2714 loss=0.09959
epoch 1/3 batch 2304/2714 loss=0.12041
epoch 1/3 batch 2560/2714 loss=0.08532
epoch 1/3 batch 2714/2714 loss=0.05743
epoch=1, validation Macro-F1@0.5=0.26335
epoch 2/3 batch 256/2714 loss=0.10007
epoch 2/3 batch 512/2714 loss=0.08503
epoch 2/3 batch 768/2714 loss=0.06509
epoch 2/3 batch 1024/2714 loss=0.08493
epoch 2/3 batch 1280/2714 loss=0.07864
epoch 2/3 batch 1536/2714 loss=0.11417
epoch 2/3 batch 1792/2714 loss=0.09376
epoch 2/3 batch 2048/2714 loss=0.08145
epoch 2/3 batch 2304/2714 loss=0.08908
epoch 2/3 batch 2560/2714 loss=0.09112
epoch 2/3 batch 2714/2714 loss=0.19244
epoch=2, validation Macro-F1@0.5=0.37295
epoch 3/3 batch 256/2714 loss=0.06305
epoch 3/3 batch 512/2714 loss=0.08817
epoch 3/3 batch 768/2714 loss=0.06893
epoch 3/3 batch 1024/2714 loss=0.07290
epoch 3/3 batch 1280/2714 loss=0.09576
epoch 3/3 batch 1536/2714 loss=0.07176
epoch 3/3 batch 1792/2714 loss=0.08361
epoch 3/3 batch 2048/2714 loss=0.08387
Traceback (most recent call last):
  File "<frozen runpy>", line 198, in _run_module_as_main
  File "<frozen runpy>", line 88, in _run_code
  File "D:\Nam_3\HK1\NLP\LT\goemotions-multilabel-classification\scripts\train_distilbert.py", line 193, in <module>
    main()
  File "D:\Nam_3\HK1\NLP\LT\goemotions-multilabel-classification\scripts\train_distilbert.py", line 189, in main
    run_training(config, output)
  File "D:\Nam_3\HK1\NLP\LT\goemotions-multilabel-classification\scripts\train_distilbert.py", line 97, in run_training
    torch.nn.utils.clip_grad_norm_(model.parameters(), config["max_grad_norm"], error_if_nonfinite=True)
  File "D:\Nam_3\HK1\NLP\LT\goemotions-multilabel-classification\.venv-huy\Lib\site-packages\torch\nn\utils\clip_grad.py", line 42, in _no_grad_wrapper
    return func(*args, **kwargs)
           ^^^^^^^^^^^^^^^^^^^^^
  File "D:\Nam_3\HK1\NLP\LT\goemotions-multilabel-classification\.venv-huy\Lib\site-packages\torch\nn\utils\clip_grad.py", line 231, in clip_grad_norm_
    total_norm = _get_total_norm(grads, norm_type, error_if_nonfinite, foreach)
                 ^^^^^^^^^^^^^^^^^^^^^^^^^^^^^^^^^^^^^^^^^^^^^^^^^^^^^^^^^^^^^^
  File "D:\Nam_3\HK1\NLP\LT\goemotions-multilabel-classification\.venv-huy\Lib\site-packages\torch\nn\utils\clip_grad.py", line 42, in _no_grad_wrapper
    return func(*args, **kwargs)
           ^^^^^^^^^^^^^^^^^^^^^
  File "D:\Nam_3\HK1\NLP\LT\goemotions-multilabel-classification\.venv-huy\Lib\site-packages\torch\nn\utils\clip_grad.py", line 111, in _get_total_norm
    raise RuntimeError(
RuntimeError: The total norm of order 2.0 for gradients from `parameters` is non-finite, so it cannot be clipped. To disable this error and scale the gradients by the non-finite norm anyway, set `error_if_nonfinite=False`
