START scripts.analyze_c3_full
 seed  best_epoch  macro_f1  micro_f1  macro_precision  macro_recall  micro_precision  micro_recall  hamming_loss
   42           3  0.403256  0.568935         0.572258      0.343198         0.709006      0.475078      0.030231
  123           3  0.411325  0.576176         0.576251      0.351337         0.712373      0.483699      0.029883
 2026           3  0.403670  0.573720         0.570269      0.344497         0.708266      0.482132      0.030087
PASS: real full validation results, 3 seeds, thresholds and error evidence exported.
START scripts.report_c3_full
PASS: report and plots generated from real run tables.
{
  "status": "passed",
  "checked_at_utc": "2026-10-08T07:34:00.908337+00:00",
  "run": "data/processed/c3_distilbert/full/seed_123",
  "mode": "full",
  "test_used": false,
  "checks": {
    "artifact_sha256_and_mapping": "passed",
    "sample_ids_and_npz_alignment": "passed",
    "validation_metrics_recomputed": "passed",
    "checkpoint_reload_during_training": "passed",
    "cli_shared_inference_scores_and_labels": "passed",
    "streamlit_widget_prediction_scores_and_labels": "passed",
    "streamlit_empty_text_handling": "passed",
    "streamlit_long_text_truncation_notice": "passed"
  },
  "score_comparison_atol": 1e-06,
  "cli_max_abs_score_diff": 2.384185791015625e-07,
  "streamlit_max_abs_score_diff": 0.0,
  "tuned_app_cli_parity": "passed",
  "tuned_streamlit_max_abs_score_diff": 0.0,
  "empty_prediction_ui": "passed on real validation text",
  "multi_label_ui": "passed on real validation text",
  "multi_label_example_id": "eczdvun",
  "example_id": "edgurhb",
  "long_example_id": "edwy61c",
  "long_example_split": "train",
  "long_example_tokens": 316,
  "note": "C3 integration check; all nonblank input examples are real dataset texts; long-input check uses train outlier; not test-set evaluation."
}
START scripts.build_c3_full_notebook
Created full C3 notebook: 33 cells
START scripts.run_distilbert_notebook
Cell 1/33: markdown
Cell 2/33: markdown
Cell 3/33: code
Cell 4/33: markdown
Cell 5/33: code
Cell 6/33: markdown
Cell 7/33: code
Cell 8/33: markdown
Cell 9/33: code
Cell 10/33: markdown
Cell 11/33: code
Cell 12/33: markdown
Cell 13/33: code
Cell 14/33: markdown
Cell 15/33: code
Cell 16/33: markdown
Cell 17/33: code
Cell 18/33: markdown
Cell 19/33: code
Cell 20/33: markdown
Cell 21/33: code
Cell 22/33: markdown
Cell 23/33: code
Cell 24/33: markdown
Cell 25/33: code
Cell 26/33: markdown
Cell 27/33: code
Cell 28/33: markdown
Cell 29/33: code
Cell 30/33: markdown
Cell 31/33: code
Cell 32/33: markdown
Cell 33/33: code
PASS: notebook executed and HTML exported.
PASS: tables, report, demo checks and executed notebook ready for final review.
