Some weights of DistilBertForSequenceClassification were not initialized from the model checkpoint at distilbert/distilbert-base-uncased and are newly initialized: ['classifier.bias', 'classifier.weight', 'pre_classifier.bias', 'pre_classifier.weight']
You should probably TRAIN this model on a down-stream task to be able to use it for predictions and inference.
D:\Nam_3\HK1\NLP\LT\goemotions-multilabel-classification\.venv-huy\Lib\site-packages\torch\autograd\graph.py:869: UserWarning: Memory Efficient attention defaults to a non-deterministic algorithm. To explicitly enable determinism call torch.use_deterministic_algorithms(True, warn_only=False). (Triggered internally at C:\actions-runner\_work\pytorch\pytorch\pytorch\aten\src\ATen\native\transformers\cuda\attention_backward.cu:902.)
  return Variable._execution_engine.run_backward(  # Calls into the C++ engine to run the backward pass
epoch 1/3 batch 256/2714 loss=0.31858
epoch 1/3 batch 512/2714 loss=0.16594
epoch 1/3 batch 768/2714 loss=0.12844
epoch 1/3 batch 1024/2714 loss=0.12250
epoch 1/3 batch 1280/2714 loss=0.11721
epoch 1/3 batch 1536/2714 loss=0.07888
epoch 1/3 batch 1792/2714 loss=0.12429
epoch 1/3 batch 2048/2714 loss=0.09633
epoch 1/3 batch 2304/2714 loss=0.11314
epoch 1/3 batch 2560/2714 loss=0.07695
epoch 1/3 batch 2714/2714 loss=0.13736
epoch=1, validation Macro-F1@0.5=0.24319
epoch 2/3 batch 256/2714 loss=0.08943
epoch 2/3 batch 512/2714 loss=0.07536
epoch 2/3 batch 768/2714 loss=0.05568
epoch 2/3 batch 1024/2714 loss=0.07891
epoch 2/3 batch 1280/2714 loss=0.08182
epoch 2/3 batch 1536/2714 loss=0.06723
epoch 2/3 batch 1792/2714 loss=0.09157
epoch 2/3 batch 2048/2714 loss=0.07518
epoch 2/3 batch 2304/2714 loss=0.10267
epoch 2/3 batch 2560/2714 loss=0.10211
epoch 2/3 batch 2714/2714 loss=0.13200
epoch=2, validation Macro-F1@0.5=0.38237
epoch 3/3 batch 256/2714 loss=0.09016
epoch 3/3 batch 512/2714 loss=0.07766
epoch 3/3 batch 768/2714 loss=0.07726
epoch 3/3 batch 1024/2714 loss=0.08823
epoch 3/3 batch 1280/2714 loss=0.06592
epoch 3/3 batch 1536/2714 loss=0.11397
epoch 3/3 batch 1792/2714 loss=0.03741
epoch 3/3 batch 2048/2714 loss=0.07832
epoch 3/3 batch 2304/2714 loss=0.06841
epoch 3/3 batch 2560/2714 loss=0.08212
AMP overflow: skipped update epoch=3 batch=2619; new scale=524288.0
epoch 3/3 batch 2714/2714 loss=0.03303
epoch=3, validation Macro-F1@0.5=0.40367
PASS: full complete, best epoch=3, reload diff=0
D:\Nam_3\HK1\NLP\LT\goemotions-multilabel-classification\data\processed\c3_distilbert\full\seed_2026
