Some weights of DistilBertForSequenceClassification were not initialized from the model checkpoint at distilbert/distilbert-base-uncased and are newly initialized: ['classifier.bias', 'classifier.weight', 'pre_classifier.bias', 'pre_classifier.weight']
You should probably TRAIN this model on a down-stream task to be able to use it for predictions and inference.
D:\Nam_3\HK1\NLP\LT\goemotions-multilabel-classification\.venv-huy\Lib\site-packages\torch\autograd\graph.py:869: UserWarning: Memory Efficient attention defaults to a non-deterministic algorithm. To explicitly enable determinism call torch.use_deterministic_algorithms(True, warn_only=False). (Triggered internally at C:\actions-runner\_work\pytorch\pytorch\pytorch\aten\src\ATen\native\transformers\cuda\attention_backward.cu:902.)
  return Variable._execution_engine.run_backward(  # Calls into the C++ engine to run the backward pass
epoch 1/3 batch 256/2714 loss=0.32281
epoch 1/3 batch 512/2714 loss=0.17968
epoch 1/3 batch 768/2714 loss=0.13954
epoch 1/3 batch 1024/2714 loss=0.10621
epoch 1/3 batch 1280/2714 loss=0.13348
epoch 1/3 batch 1536/2714 loss=0.10722
epoch 1/3 batch 1792/2714 loss=0.07889
epoch 1/3 batch 2048/2714 loss=0.09916
epoch 1/3 batch 2304/2714 loss=0.10439
epoch 1/3 batch 2560/2714 loss=0.09977
epoch 1/3 batch 2714/2714 loss=0.07313
epoch=1, validation Macro-F1@0.5=0.26911
epoch 2/3 batch 256/2714 loss=0.06780
epoch 2/3 batch 512/2714 loss=0.08818
epoch 2/3 batch 768/2714 loss=0.07211
epoch 2/3 batch 1024/2714 loss=0.10328
epoch 2/3 batch 1280/2714 loss=0.07288
epoch 2/3 batch 1536/2714 loss=0.08395
epoch 2/3 batch 1792/2714 loss=0.13377
epoch 2/3 batch 2048/2714 loss=0.10486
epoch 2/3 batch 2304/2714 loss=0.10665
epoch 2/3 batch 2560/2714 loss=0.04550
epoch 2/3 batch 2714/2714 loss=0.03513
epoch=2, validation Macro-F1@0.5=0.38630
epoch 3/3 batch 256/2714 loss=0.06200
epoch 3/3 batch 512/2714 loss=0.08668
epoch 3/3 batch 768/2714 loss=0.05956
epoch 3/3 batch 1024/2714 loss=0.06904
epoch 3/3 batch 1280/2714 loss=0.06741
epoch 3/3 batch 1536/2714 loss=0.07631
epoch 3/3 batch 1792/2714 loss=0.05705
epoch 3/3 batch 2048/2714 loss=0.04336
epoch 3/3 batch 2304/2714 loss=0.09371
epoch 3/3 batch 2560/2714 loss=0.05030
AMP overflow: skipped update epoch=3 batch=2578; new scale=524288.0
epoch 3/3 batch 2714/2714 loss=0.03951
epoch=3, validation Macro-F1@0.5=0.41133
PASS: full complete, best epoch=3, reload diff=0
D:\Nam_3\HK1\NLP\LT\goemotions-multilabel-classification\data\processed\c3_distilbert\full\seed_123
