Some weights of DistilBertForSequenceClassification were not initialized from the model checkpoint at distilbert/distilbert-base-uncased and are newly initialized: ['classifier.bias', 'classifier.weight', 'pre_classifier.bias', 'pre_classifier.weight']
You should probably TRAIN this model on a down-stream task to be able to use it for predictions and inference.
D:\Nam_3\HK1\NLP\LT\goemotions-multilabel-classification\.venv-huy\Lib\site-packages\torch\autograd\graph.py:869: UserWarning: Memory Efficient attention defaults to a non-deterministic algorithm. To explicitly enable determinism call torch.use_deterministic_algorithms(True, warn_only=False). (Triggered internally at C:\actions-runner\_work\pytorch\pytorch\pytorch\aten\src\ATen\native\transformers\cuda\attention_backward.cu:902.)
  return Variable._execution_engine.run_backward(  # Calls into the C++ engine to run the backward pass
epoch 1/3 batch 256/2714 loss=0.32495
epoch 1/3 batch 512/2714 loss=0.18895
epoch 1/3 batch 768/2714 loss=0.13705
epoch 1/3 batch 1024/2714 loss=0.11538
epoch 1/3 batch 1280/2714 loss=0.09938
epoch 1/3 batch 1536/2714 loss=0.09319
epoch 1/3 batch 1792/2714 loss=0.11498
epoch 1/3 batch 2048/2714 loss=0.09959
epoch 1/3 batch 2304/2714 loss=0.12041
epoch 1/3 batch 2560/2714 loss=0.08532
epoch 1/3 batch 2714/2714 loss=0.05743
epoch=1, validation Macro-F1@0.5=0.26335
epoch 2/3 batch 256/2714 loss=0.10007
epoch 2/3 batch 512/2714 loss=0.08503
epoch 2/3 batch 768/2714 loss=0.06509
epoch 2/3 batch 1024/2714 loss=0.08493
epoch 2/3 batch 1280/2714 loss=0.07864
epoch 2/3 batch 1536/2714 loss=0.11417
epoch 2/3 batch 1792/2714 loss=0.09376
epoch 2/3 batch 2048/2714 loss=0.08145
epoch 2/3 batch 2304/2714 loss=0.08908
epoch 2/3 batch 2560/2714 loss=0.09112
epoch 2/3 batch 2714/2714 loss=0.19244
epoch=2, validation Macro-F1@0.5=0.37295
epoch 3/3 batch 256/2714 loss=0.06305
epoch 3/3 batch 512/2714 loss=0.08817
epoch 3/3 batch 768/2714 loss=0.06893
epoch 3/3 batch 1024/2714 loss=0.07290
epoch 3/3 batch 1280/2714 loss=0.09576
epoch 3/3 batch 1536/2714 loss=0.07176
epoch 3/3 batch 1792/2714 loss=0.08361
epoch 3/3 batch 2048/2714 loss=0.08387
AMP overflow: skipped update epoch=3 batch=2198; new scale=262144.0
epoch 3/3 batch 2304/2714 loss=0.10556
epoch 3/3 batch 2560/2714 loss=0.08664
epoch 3/3 batch 2714/2714 loss=0.02163
epoch=3, validation Macro-F1@0.5=0.40326
PASS: full complete, best epoch=3, reload diff=0
D:\Nam_3\HK1\NLP\LT\goemotions-multilabel-classification\data\processed\c3_distilbert\full\seed_42
